Component: Arm Compiler for Embedded 6.18 Tool: armlink [5e4cc100]

==============================================================================

Section Cross References

    main.o(.text.uart_callback) refers to strchr.o(.text) for strchr
    main.o(.text.uart_callback) refers to memcpya.o(.text) for __aeabi_memcpy
    main.o(.text.uart_callback) refers to atoi.o(.text) for atoi
    main.o(.text.uart_callback) refers to main.o(.text.execute_cmd) for execute_cmd
    main.o(.ARM.exidx.text.uart_callback) refers to main.o(.text.uart_callback) for [Anonymous Symbol]
    main.o(.text.execute_cmd) refers to simple_gl.o(.text.gl_fill) for gl_fill
    main.o(.text.execute_cmd) refers to memcpya.o(.text) for __aeabi_memcpy
    main.o(.text.execute_cmd) refers to atoi.o(.text) for atoi
    main.o(.text.execute_cmd) refers to main.o(.bss..L_MergedGlobals) for .L_MergedGlobals
    main.o(.text.execute_cmd) refers to utils.o(.text.setCurrentTime) for setCurrentTime
    main.o(.text.execute_cmd) refers to strchr.o(.text) for strchr
    main.o(.text.execute_cmd) refers to memseta.o(.text) for __aeabi_memclr
    main.o(.text.execute_cmd) refers to digital_clock.o(.text.dck_set_lunar) for dck_set_lunar
    main.o(.text.execute_cmd) refers to digital_clock.o(.text.dck_set_temp) for dck_set_temp
    main.o(.ARM.exidx.text.execute_cmd) refers to main.o(.text.execute_cmd) for [Anonymous Symbol]
    main.o(.text.HAL_UART_RxCpltCallback) refers to main.o(.bss..L_MergedGlobals) for .L_MergedGlobals
    main.o(.text.HAL_UART_RxCpltCallback) refers to main.o(.bss.htim1) for htim1
    main.o(.text.HAL_UART_RxCpltCallback) refers to stm32f1xx_hal_tim.o(.text.HAL_TIM_Base_Stop_IT) for HAL_TIM_Base_Stop_IT
    main.o(.text.HAL_UART_RxCpltCallback) refers to main.o(.bss.htim3) for htim3
    main.o(.text.HAL_UART_RxCpltCallback) refers to main.o(.bss.uart_buff) for uart_buff
    main.o(.text.HAL_UART_RxCpltCallback) refers to main.o(.text.uart_callback) for uart_callback
    main.o(.text.HAL_UART_RxCpltCallback) refers to stm32f1xx_hal_tim.o(.text.HAL_TIM_Base_Start_IT) for HAL_TIM_Base_Start_IT
    main.o(.text.HAL_UART_RxCpltCallback) refers to stm32f1xx_hal_uart.o(.text.HAL_UART_Receive_IT) for HAL_UART_Receive_IT
    main.o(.ARM.exidx.text.HAL_UART_RxCpltCallback) refers to main.o(.text.HAL_UART_RxCpltCallback) for [Anonymous Symbol]
    main.o(.text.main) refers to main.o(.bss..L_MergedGlobals) for .L_MergedGlobals
    main.o(.text.main) refers to stm32f1xx_hal.o(.text.HAL_Init) for HAL_Init
    main.o(.text.main) refers to stm32f1xx_hal_rcc.o(.text.HAL_RCC_OscConfig) for HAL_RCC_OscConfig
    main.o(.text.main) refers to stm32f1xx_hal_rcc.o(.text.HAL_RCC_ClockConfig) for HAL_RCC_ClockConfig
    main.o(.text.main) refers to stm32f1xx_hal_rcc_ex.o(.text.HAL_RCCEx_PeriphCLKConfig) for HAL_RCCEx_PeriphCLKConfig
    main.o(.text.main) refers to stm32f1xx_hal_gpio.o(.text.HAL_GPIO_Init) for HAL_GPIO_Init
    main.o(.text.main) refers to main.o(.bss.htim1) for htim1
    main.o(.text.main) refers to stm32f1xx_hal_tim.o(.text.HAL_TIM_Base_Init) for HAL_TIM_Base_Init
    main.o(.text.main) refers to stm32f1xx_hal_tim.o(.text.HAL_TIM_ConfigClockSource) for HAL_TIM_ConfigClockSource
    main.o(.text.main) refers to stm32f1xx_hal_tim.o(.text.HAL_TIM_IC_Init) for HAL_TIM_IC_Init
    main.o(.text.main) refers to stm32f1xx_hal_tim_ex.o(.text.HAL_TIMEx_MasterConfigSynchronization) for HAL_TIMEx_MasterConfigSynchronization
    main.o(.text.main) refers to stm32f1xx_hal_tim.o(.text.HAL_TIM_IC_ConfigChannel) for HAL_TIM_IC_ConfigChannel
    main.o(.text.main) refers to main.o(.bss.htim3) for htim3
    main.o(.text.main) refers to stm32f1xx_hal_uart.o(.text.HAL_UART_Init) for HAL_UART_Init
    main.o(.text.main) refers to stm32f1xx_hal_tim.o(.text.HAL_TIM_Base_Start_IT) for HAL_TIM_Base_Start_IT
    main.o(.text.main) refers to stm32f1xx_hal_uart.o(.text.HAL_UART_Receive_IT) for HAL_UART_Receive_IT
    main.o(.text.main) refers to utils.o(.text.setCurrentTime) for setCurrentTime
    main.o(.text.main) refers to simple_gl.o(.text.gl_getGRAM) for gl_getGRAM
    main.o(.text.main) refers to led_screen.o(.bss.gram_rgb_565) for gram_rgb_565
    main.o(.text.main) refers to simple_gl.o(.text.gl_fill) for gl_fill
    main.o(.text.main) refers to digital_clock.o(.text.dck_set_time) for dck_set_time
    main.o(.text.main) refers to digital_clock.o(.text.dck_set_lunar) for dck_set_lunar
    main.o(.text.main) refers to digital_clock.o(.text.dck_set_temp) for dck_set_temp
    main.o(.text.main) refers to digital_clock.o(.text.dck_draw_clock) for dck_draw_clock
    main.o(.text.main) refers to main.o(.rodata.cst16) for .L__const.main.clockSkipConfig
    main.o(.text.main) refers to stm32f1xx_hal.o(.text.HAL_Delay) for HAL_Delay
    main.o(.text.main) refers to stm32f1xx_hal_uart.o(.text.HAL_UART_Transmit_IT) for HAL_UART_Transmit_IT
    main.o(.text.main) refers to utils.o(.text.checkSkip) for checkSkip
[...]
    Removing stm32f1xx_hal_tim_ex.o(.ARM.exidx.text.HAL_TIMEx_RemapConfig), (8 bytes).
    Removing stm32f1xx_hal_tim_ex.o(.ARM.exidx.text.HAL_TIMEx_CommutCallback), (8 bytes).
    Removing stm32f1xx_hal_tim_ex.o(.text.HAL_TIMEx_CommutHalfCpltCallback), (2 bytes).
    Removing stm32f1xx_hal_tim_ex.o(.ARM.exidx.text.HAL_TIMEx_CommutHalfCpltCallback), (8 bytes).
    Removing stm32f1xx_hal_tim_ex.o(.ARM.exidx.text.HAL_TIMEx_BreakCallback), (8 bytes).
    Removing stm32f1xx_hal_tim_ex.o(.text.HAL_TIMEx_HallSensor_GetState), (6 bytes).
    Removing stm32f1xx_hal_tim_ex.o(.ARM.exidx.text.HAL_TIMEx_HallSensor_GetState), (8 bytes).
    Removing stm32f1xx_hal_tim_ex.o(.text.HAL_TIMEx_GetChannelNState), (34 bytes).
    Removing stm32f1xx_hal_tim_ex.o(.ARM.exidx.text.HAL_TIMEx_GetChannelNState), (8 bytes).
    Removing stm32f1xx_hal_uart.o(.text), (0 bytes).
    Removing stm32f1xx_hal_uart.o(.ARM.exidx.text.HAL_UART_Init), (8 bytes).
    Removing stm32f1xx_hal_uart.o(.text.HAL_UART_MspInit), (2 bytes).
    Removing stm32f1xx_hal_uart.o(.ARM.exidx.text.HAL_UART_MspInit), (8 bytes).
    Removing stm32f1xx_hal_uart.o(.text.HAL_HalfDuplex_Init), (228 bytes).
    Removing stm32f1xx_hal_uart.o(.ARM.exidx.text.HAL_HalfDuplex_Init), (8 bytes).
    Removing stm32f1xx_hal_uart.o(.text.HAL_LIN_Init), (242 bytes).
    Removing stm32f1xx_hal_uart.o(.ARM.exidx.text.HAL_LIN_Init), (8 bytes).
    Removing stm32f1xx_hal_uart.o(.text.HAL_MultiProcessor_Init), (252 bytes).
    Removing stm32f1xx_hal_uart.o(.ARM.exidx.text.HAL_MultiProcessor_Init), (8 bytes).
    Removing stm32f1xx_hal_uart.o(.text.HAL_UART_DeInit), (54 bytes).
    Removing stm32f1xx_hal_uart.o(.ARM.exidx.text.HAL_UART_DeInit), (8 bytes).
    Removing stm32f1xx_hal_uart.o(.text.HAL_UART_MspDeInit), (2 bytes).
    Removing stm32f1xx_hal_uart.o(.ARM.exidx.text.HAL_UART_MspDeInit), (8 bytes).
    Removing stm32f1xx_hal_uart.o(.text.HAL_UART_Transmit), (432 bytes).
    Removing stm32f1xx_hal_uart.o(.ARM.exidx.text.HAL_UART_Transmit), (8 bytes).
    Removing stm32f1xx_hal_uart.o(.text.HAL_UART_Receive), (318 bytes).
    Removing stm32f1xx_hal_uart.o(.ARM.exidx.text.HAL_UART_Receive), (8 bytes).
    Removing stm32f1xx_hal_uart.o(.ARM.exidx.text.HAL_UART_Transmit_IT), (8 bytes).
    Removing stm32f1xx_hal_uart.o(.ARM.exidx.text.HAL_UART_Receive_IT), (8 bytes).
    Removing stm32f1xx_hal_uart.o(.text.UART_Start_Receive_IT), (50 bytes).
    Removing stm32f1xx_hal_uart.o(.ARM.exidx.text.UART_Start_Receive_IT), (8 bytes).
    Removing stm32f1xx_hal_uart.o(.text.HAL_UART_Transmit_DMA), (124 bytes).
    Removing stm32f1xx_hal_uart.o(.ARM.exidx.text.HAL_UART_Transmit_DMA), (8 bytes).
    Removing stm32f1xx_hal_uart.o(.text.UART_DMATransmitCplt), (38 bytes).
    Removing stm32f1xx_hal_uart.o(.ARM.exidx.text.UART_DMATransmitCplt), (8 bytes).
    Removing stm32f1xx_hal_uart.o(.text.UART_DMATxHalfCplt), (6 bytes).
    Removing stm32f1xx_hal_uart.o(.ARM.exidx.text.UART_DMATxHalfCplt), (8 bytes).
    Removing stm32f1xx_hal_uart.o(.text.UART_DMAError), (108 bytes).
    Removing stm32f1xx_hal_uart.o(.ARM.exidx.text.UART_DMAError), (8 bytes).
    Removing stm32f1xx_hal_uart.o(.text.HAL_UART_Receive_DMA), (164 bytes).
    Removing stm32f1xx_hal_uart.o(.ARM.exidx.text.HAL_UART_Receive_DMA), (8 bytes).
    Removing stm32f1xx_hal_uart.o(.text.UART_Start_Receive_DMA), (114 bytes).
    Removing stm32f1xx_hal_uart.o(.ARM.exidx.text.UART_Start_Receive_DMA), (8 bytes).
    Removing stm32f1xx_hal_uart.o(.text.HAL_UART_DMAPause), (88 bytes).
    Removing stm32f1xx_hal_uart.o(.ARM.exidx.text.HAL_UART_DMAPause), (8 bytes).
    Removing stm32f1xx_hal_uart.o(.text.HAL_UART_DMAResume), (104 bytes).
    Removing stm32f1xx_hal_uart.o(.ARM.exidx.text.HAL_UART_DMAResume), (8 bytes).
    Removing stm32f1xx_hal_uart.o(.text.HAL_UART_DMAStop), (132 bytes).
    Removing stm32f1xx_hal_uart.o(.ARM.exidx.text.HAL_UART_DMAStop), (8 bytes).
    Removing stm32f1xx_hal_uart.o(.text.HAL_UARTEx_ReceiveToIdle), (474 bytes).
    Removing stm32f1xx_hal_uart.o(.ARM.exidx.text.HAL_UARTEx_ReceiveToIdle), (8 bytes).
    Removing stm32f1xx_hal_uart.o(.text.HAL_UARTEx_ReceiveToIdle_IT), (132 bytes).
    Removing stm32f1xx_hal_uart.o(.ARM.exidx.text.HAL_UARTEx_ReceiveToIdle_IT), (8 bytes).
    Removing stm32f1xx_hal_uart.o(.text.HAL_UARTEx_ReceiveToIdle_DMA), (192 bytes).
    Removing stm32f1xx_hal_uart.o(.ARM.exidx.text.HAL_UARTEx_ReceiveToIdle_DMA), (8 bytes).
    Removing stm32f1xx_hal_uart.o(.text.HAL_UART_Abort), (146 bytes).
    Removing stm32f1xx_hal_uart.o(.ARM.exidx.text.HAL_UART_Abort), (8 bytes).
    Removing stm32f1xx_hal_uart.o(.text.HAL_UART_AbortTransmit), (72 bytes).
    Removing stm32f1xx_hal_uart.o(.ARM.exidx.text.HAL_UART_AbortTransmit), (8 bytes).
    Removing stm32f1xx_hal_uart.o(.text.HAL_UART_AbortReceive), (98 bytes).
    Removing stm32f1xx_hal_uart.o(.ARM.exidx.text.HAL_UART_AbortReceive), (8 bytes).
    Removing stm32f1xx_hal_uart.o(.text.HAL_UART_Abort_IT), (180 bytes).
    Removing stm32f1xx_hal_uart.o(.ARM.exidx.text.HAL_UART_Abort_IT), (8 bytes).
    Removing stm32f1xx_hal_uart.o(.text.UART_DMATxAbortCallback), (42 bytes).
    Removing stm32f1xx_hal_uart.o(.ARM.exidx.text.UART_DMATxAbortCallback), (8 bytes).
    Removing stm32f1xx_hal_uart.o(.text.UART_DMARxAbortCallback), (42 bytes).
    Removing stm32f1xx_hal_uart.o(.ARM.exidx.text.UART_DMARxAbortCallback), (8 bytes).
    Removing stm32f1xx_hal_uart.o(.text.HAL_UART_AbortCpltCallback), (2 bytes).
    Removing stm32f1xx_hal_uart.o(.ARM.exidx.text.HAL_UART_AbortCpltCallback), (8 bytes).
    Removing stm32f1xx_hal_uart.o(.text.HAL_UART_AbortTransmit_IT), (100 bytes).
    Removing stm32f1xx_hal_uart.o(.ARM.exidx.text.HAL_UART_AbortTransmit_IT), (8 bytes).
    Removing stm32f1xx_hal_uart.o(.text.UART_DMATxOnlyAbortCallback), (16 bytes).
    Removing stm32f1xx_hal_uart.o(.ARM.exidx.text.UART_DMATxOnlyAbortCallback), (8 bytes).
    Removing stm32f1xx_hal_uart.o(.text.HAL_UART_AbortTransmitCpltCallback), (2 bytes).
    Removing stm32f1xx_hal_uart.o(.ARM.exidx.text.HAL_UART_AbortTransmitCpltCallback), (8 bytes).
    Removing stm32f1xx_hal_uart.o(.text.HAL_UART_AbortReceive_IT), (134 bytes).
    Removing stm32f1xx_hal_uart.o(.ARM.exidx.text.HAL_UART_AbortReceive_IT), (8 bytes).
    Removing stm32f1xx_hal_uart.o(.text.UART_DMARxOnlyAbortCallback), (18 bytes).
    Removing stm32f1xx_hal_uart.o(.ARM.exidx.text.UART_DMARxOnlyAbortCallback), (8 bytes).
    Removing stm32f1xx_hal_uart.o(.text.HAL_UART_AbortReceiveCpltCallback), (2 bytes).
    Removing stm32f1xx_hal_uart.o(.ARM.exidx.text.HAL_UART_AbortReceiveCpltCallback), (8 bytes).
    Removing stm32f1xx_hal_uart.o(.ARM.exidx.text.HAL_UART_IRQHandler), (8 bytes).
    Removing stm32f1xx_hal_uart.o(.ARM.exidx.text.UART_Receive_IT), (8 bytes).
    Removing stm32f1xx_hal_uart.o(.ARM.exidx.text.UART_DMAAbortOnError), (8 bytes).
    Removing stm32f1xx_hal_uart.o(.ARM.exidx.text.HAL_UART_ErrorCallback), (8 bytes).
    Removing stm32f1xx_hal_uart.o(.ARM.exidx.text.HAL_UARTEx_RxEventCallback), (8 bytes).
    Removing stm32f1xx_hal_uart.o(.ARM.exidx.text.HAL_UART_TxCpltCallback), (8 bytes).
    Removing stm32f1xx_hal_uart.o(.text.HAL_UART_TxHalfCpltCallback), (2 bytes).
    Removing stm32f1xx_hal_uart.o(.ARM.exidx.text.HAL_UART_TxHalfCpltCallback), (8 bytes).
    Removing stm32f1xx_hal_uart.o(.text.HAL_UART_RxCpltCallback), (2 bytes).
    Removing stm32f1xx_hal_uart.o(.ARM.exidx.text.HAL_UART_RxCpltCallback), (8 bytes).
    Removing stm32f1xx_hal_uart.o(.text.HAL_UART_RxHalfCpltCallback), (2 bytes).
    Removing stm32f1xx_hal_uart.o(.ARM.exidx.text.HAL_UART_RxHalfCpltCallback), (8 bytes).
    Removing stm32f1xx_hal_uart.o(.text.HAL_LIN_SendBreak), (44 bytes).
    Removing stm32f1xx_hal_uart.o(.ARM.exidx.text.HAL_LIN_SendBreak), (8 bytes).
    Removing stm32f1xx_hal_uart.o(.text.HAL_MultiProcessor_EnterMuteMode), (44 bytes).
    Removing stm32f1xx_hal_uart.o(.ARM.exidx.text.HAL_MultiProcessor_EnterMuteMode), (8 bytes).
    Removing stm32f1xx_hal_uart.o(.text.HAL_MultiProcessor_ExitMuteMode), (44 bytes).
    Removing stm32f1xx_hal_uart.o(.ARM.exidx.text.HAL_MultiProcessor_ExitMuteMode), (8 bytes).
    Removing stm32f1xx_hal_uart.o(.text.HAL_HalfDuplex_EnableTransmitter), (44 bytes).
    Removing stm32f1xx_hal_uart.o(.ARM.exidx.text.HAL_HalfDuplex_EnableTransmitter), (8 bytes).
    Removing stm32f1xx_hal_uart.o(.text.HAL_HalfDuplex_EnableReceiver), (46 bytes).
    Removing stm32f1xx_hal_uart.o(.ARM.exidx.text.HAL_HalfDuplex_EnableReceiver), (8 bytes).
    Removing stm32f1xx_hal_uart.o(.text.HAL_UART_GetState), (14 bytes).
    Removing stm32f1xx_hal_uart.o(.ARM.exidx.text.HAL_UART_GetState), (8 bytes).
    Removing stm32f1xx_hal_uart.o(.text.HAL_UART_GetError), (4 bytes).
    Removing stm32f1xx_hal_uart.o(.ARM.exidx.text.HAL_UART_GetError), (8 bytes).
    Removing stm32f1xx_hal_uart.o(.text.UART_DMAReceiveCplt), (76 bytes).
    Removing stm32f1xx_hal_uart.o(.ARM.exidx.text.UART_DMAReceiveCplt), (8 bytes).
    Removing stm32f1xx_hal_uart.o(.text.UART_DMARxHalfCplt), (20 bytes).
    Removing stm32f1xx_hal_uart.o(.ARM.exidx.text.UART_DMARxHalfCplt), (8 bytes).
    Removing system_stm32f1xx.o(.text), (0 bytes).
    Removing system_stm32f1xx.o(.ARM.exidx.text.SystemInit), (8 bytes).
    Removing system_stm32f1xx.o(.text.SystemCoreClockUpdate), (112 bytes).
    Removing system_stm32f1xx.o(.ARM.exidx.text.SystemCoreClockUpdate), (8 bytes).
    Removing led_screen.o(.text), (0 bytes).
    Removing led_screen.o(.ARM.exidx.text.LED_screen_update_rgb_565), (8 bytes).
    Removing simple_gl.o(.text), (0 bytes).
    Removing simple_gl.o(.ARM.exidx.text.gl_getGRAM), (8 bytes).
    Removing simple_gl.o(.ARM.exidx.text.gl_draw_begin), (8 bytes).
    Removing simple_gl.o(.ARM.exidx.text.gl_draw_end), (8 bytes).
    Removing simple_gl.o(.ARM.exidx.text.gl_fill), (8 bytes).
    Removing simple_gl.o(.text.gl_draw_point), (48 bytes).
    Removing simple_gl.o(.ARM.exidx.text.gl_draw_point), (8 bytes).
    Removing simple_gl.o(.ARM.exidx.text.gl_draw_line), (8 bytes).
    Removing simple_gl.o(.ARM.exidx.text.gl_draw_rectangle), (8 bytes).
    Removing simple_gl.o(.ARM.exidx.text.gl_draw_font), (8 bytes).
    Removing simple_gl.o(.ARM.exidx.text.gl_draw_image), (8 bytes).
    Removing simple_gl.o(.text._get_gram), (34 bytes).
    Removing simple_gl.o(.ARM.exidx.text._get_gram), (8 bytes).
    Removing simple_gl.o(.text.gl_print), (108 bytes).
    Removing simple_gl.o(.ARM.exidx.text.gl_print), (8 bytes).
    Removing simple_gl.o(.data.FONT_12X12), (360 bytes).
    Removing simple_gl.o(.data.font_12x12), (8 bytes).
    Removing utils.o(.text), (0 bytes).
    Removing utils.o(.ARM.exidx.text.millis), (8 bytes).
    Removing utils.o(.ARM.exidx.text.setCurrentTime), (8 bytes).
    Removing utils.o(.ARM.exidx.text.checkSkip), (8 bytes).
    Removing digital_clock.o(.text), (0 bytes).
    Removing digital_clock.o(.ARM.exidx.text.dck_get_datetime), (8 bytes).
    Removing digital_clock.o(.ARM.exidx.text.dck_set_time), (8 bytes).
    Removing digital_clock.o(.ARM.exidx.text.dck_set_lunar), (8 bytes).
    Removing digital_clock.o(.ARM.exidx.text.dck_set_temp), (8 bytes).
    Removing digital_clock.o(.text.dck_set_weather), (12 bytes).
    Removing digital_clock.o(.ARM.exidx.text.dck_set_weather), (8 bytes).
    Removing digital_clock.o(.ARM.exidx.text.dck_draw_clock), (8 bytes).
    Removing digital_clock.o(.ARM.exidx.text.TimestampToNormalTime), (8 bytes).
    Removing digital_clock.o(.text.IsLeapYear), (72 bytes).
    Removing digital_clock.o(.ARM.exidx.text.IsLeapYear), (8 bytes).
    Removing digital_clock.o(.text.getWEEK), (118 bytes).
    Removing digital_clock.o(.ARM.exidx.text.getWEEK), (8 bytes).
    Removing fireworks.o(.text), (0 bytes).
    Removing fireworks.o(.ARM.exidx.text.fw_do_step), (8 bytes).
    Removing fireworks.o(.ARM.exidx.text._draw_fireworks), (8 bytes).
    Removing dadd.o(.text), (334 bytes).
    Removing dfixul.o(.text), (48 bytes).
    Removing cdrcmple.o(.text), (48 bytes).

920 unused section(s) (total 51287 bytes) removed from the image.

==============================================================================

Image Symbol Table

    Local Symbols

    Symbol Name                              Value     Ov Type        Size  Object(Section)

    ../clib/../cmprslib/zerorunl2.c          0x00000000   Number         0  __dczerorl2.o ABSOLUTE
    ../clib/division.s                       0x00000000   Number         0  aeabi_sdiv.o ABSOLUTE
    ../clib/microlib/ctype/ctype.c           0x00000000   Number         0  ctype_o.o ABSOLUTE
    ../clib/microlib/ctype/ctype.c           0x00000000   Number         0  isalnum_o.o ABSOLUTE
    ../clib/microlib/ctype/ctype.c           0x00000000   Number         0  isalpha_o.o ABSOLUTE
    ../clib/microlib/ctype/ctype.c           0x00000000   Number         0  isblank_o.o ABSOLUTE
    ../clib/microlib/ctype/ctype.c           0x00000000   Number         0  iscntrl_o.o ABSOLUTE
    ../clib/microlib/ctype/ctype.c           0x00000000   Number         0  isdigit_o.o ABSOLUTE
    ../clib/microlib/ctype/ctype.c           0x00000000   Number         0  isgraph_o.o ABSOLUTE
    ../clib/microlib/ctype/ctype.c           0x00000000   Number         0  islower_o.o ABSOLUTE
    ../clib/microlib/ctype/ctype.c           0x00000000   Number         0  isprint_o.o ABSOLUTE
    ../clib/microlib/ctype/ctype.c           0x00000000   Number         0  ispunct_o.o ABSOLUTE
    ../clib/microlib/ctype/ctype.c           0x00000000   Number         0  isspace_o.o ABSOLUTE
    ../clib/microlib/ctype/ctype.c           0x00000000   Number         0  isupper_o.o ABSOLUTE
    ../clib/microlib/ctype/ctype.c           0x00000000   Number         0  isxdigit_o.o ABSOLUTE
    ../clib/microlib/division.c              0x00000000   Number         0  uldiv.o ABSOLUTE
    ../clib/microlib/division.c              0x00000000   Number         0  uidiv.o ABSOLUTE
    ../clib/microlib/errno.c                 0x00000000   Number         0  errno.o ABSOLUTE
    ../clib/microlib/init/entry.s            0x00000000   Number         0  entry.o ABSOLUTE
    ../clib/microlib/init/entry.s            0x00000000   Number         0  entry2.o ABSOLUTE
    ../clib/microlib/init/entry.s            0x00000000   Number         0  entry5.o ABSOLUTE
    ../clib/microlib/init/entry.s            0x00000000   Number         0  entry7a.o ABSOLUTE
    ../clib/microlib/init/entry.s            0x00000000   Number         0  entry7b.o ABSOLUTE
    ../clib/microlib/init/entry.s            0x00000000   Number         0  entry8a.o ABSOLUTE
    ../clib/microlib/init/entry.s            0x00000000   Number         0  entry8b.o ABSOLUTE
    ../clib/microlib/init/entry.s            0x00000000   Number         0  entry9a.o ABSOLUTE
    ../clib/microlib/init/entry.s            0x00000000   Number         0  entry9b.o ABSOLUTE
    ../clib/microlib/init/entry.s            0x00000000   Number         0  entry10a.o ABSOLUTE
    ../clib/microlib/init/entry.s            0x00000000   Number         0  entry10b.o ABSOLUTE
    ../clib/microlib/init/entry.s            0x00000000   Number         0  entry11a.o ABSOLUTE
    ../clib/microlib/init/entry.s            0x00000000   Number         0  entry11b.o ABSOLUTE
    ../clib/microlib/longlong.c              0x00000000   Number         0  llshl.o ABSOLUTE
    ../clib/microlib/longlong.c              0x00000000   Number         0  llushr.o ABSOLUTE
    ../clib/microlib/longlong.c              0x00000000   Number         0  llsshr.o ABSOLUTE
    ../clib/microlib/printf/printf.c         0x00000000   Number         0  printfb.o ABSOLUTE
    ../clib/microlib/printf/printf.c         0x00000000   Number         0  printf0.o ABSOLUTE
    ../clib/microlib/printf/printf.c         0x00000000   Number         0  printf1.o ABSOLUTE
    ../clib/microlib/printf/printf.c         0x00000000   Number         0  printf2.o ABSOLUTE
    ../clib/microlib/printf/printf.c         0x00000000   Number         0  printf3.o ABSOLUTE
    ../clib/microlib/printf/printf.c         0x00000000   Number         0  printf4.o ABSOLUTE
    ../clib/microlib/printf/printf.c         0x00000000   Number         0  printf5.o ABSOLUTE
    ../clib/microlib/printf/printf.c         0x00000000   Number         0  printf6.o ABSOLUTE
    ../clib/microlib/printf/printf.c         0x00000000   Number         0  printf7.o ABSOLUTE
    ../clib/microlib/printf/printf.c         0x00000000   Number         0  printf8.o ABSOLUTE
    ../clib/microlib/printf/printf.c         0x00000000   Number         0  printfa.o ABSOLUTE
    ../clib/microlib/printf/stubs.s          0x00000000   Number         0  printfstubs.o ABSOLUTE
    ../clib/microlib/stdio/fputc.c           0x00000000   Number         0  fputc.o ABSOLUTE
    ../clib/microlib/stdio/fputc.c           0x00000000   Number         0  fputc_h.o ABSOLUTE
    ../clib/microlib/stdio/puts.c            0x00000000   Number         0  puts.o ABSOLUTE
    ../clib/microlib/stdio/puts.c            0x00000000   Number         0  puts_e.o ABSOLUTE
    ../clib/microlib/stdio/semi.s            0x00000000   Number         0  semi.o ABSOLUTE
    ../clib/microlib/stdio/streams.c         0x00000000   Number         0  stdout.o ABSOLUTE
    ../clib/microlib/stdlib/rand.c           0x00000000   Number         0  rand.o ABSOLUTE
    ../clib/microlib/string/memcpy.c         0x00000000   Number         0  memcpya.o ABSOLUTE
    ../clib/microlib/string/memcpy.c         0x00000000   Number         0  memcpyb.o ABSOLUTE
    ../clib/microlib/string/memset.c         0x00000000   Number         0  memseta.o ABSOLUTE
    ../clib/microlib/string/strchr.c         0x00000000   Number         0  strchr.o ABSOLUTE
    ../clib/microlib/stubs.s                 0x00000000   Number         0  iusefp.o ABSOLUTE
    ../clib/microlib/stubs.s                 0x00000000   Number         0  iusesemip.o ABSOLUTE
    ../clib/scanf.c                          0x00000000   Number         0  atoi.o ABSOLUTE
    ../clib/scanf.c                          0x00000000   Number         0  strtol.o ABSOLUTE
    ../clib/scanf.c                          0x00000000   Number         0  _strtoul.o ABSOLUTE
    ../clib/scanf.c                          0x00000000   Number         0  _chval.o ABSOLUTE
    ../fplib/microlib/fpadd.c                0x00000000   Number         0  dadd.o ABSOLUTE
    ../fplib/microlib/fpdiv.c                0x00000000   Number         0  ddiv.o ABSOLUTE
    ../fplib/microlib/fpepilogue.c           0x00000000   Number         0  depilogue.o ABSOLUTE
    ../fplib/microlib/fpfix.c                0x00000000   Number         0  dfixui.o ABSOLUTE
    ../fplib/microlib/fpfix.c                0x00000000   Number         0  dfixul.o ABSOLUTE
    ../fplib/microlib/fpflt.c                0x00000000   Number         0  dflti.o ABSOLUTE
    ../fplib/microlib/fpflt.c                0x00000000   Number         0  dfltui.o ABSOLUTE
    ../fplib/microlib/fpmul.c                0x00000000   Number         0  dmul.o ABSOLUTE
    ..\Src\startup_stm32f103xb.s             0x00000000   Number         0  startup_stm32f103xb.o ABSOLUTE
    cdrcmple.s                               0x00000000   Number         0  cdrcmple.o ABSOLUTE
    dc.s                                     0x00000000   Number         0  dc.o ABSOLUTE
    digital_clock.c                          0x00000000   Number         0  digital_clock.o ABSOLUTE
    fireworks.c                              0x00000000   Number         0  fireworks.o ABSOLUTE
    handlers.s                               0x00000000   Number         0  handlers.o ABSOLUTE
    init.s                                   0x00000000   Number         0  init.o ABSOLUTE
    led_screen.c                             0x00000000   Number         0  led_screen.o ABSOLUTE
    main.c                                   0x00000000   Number         0  main.o ABSOLUTE
    simple_gl.c                              0x00000000   Number         0  simple_gl.o ABSOLUTE
    stm32f1xx_hal.c                          0x00000000   Number         0  stm32f1xx_hal.o ABSOLUTE
    stm32f1xx_hal_adc.c                      0x00000000   Number         0  stm32f1xx_hal_adc.o ABSOLUTE
    stm32f1xx_hal_adc_ex.c                   0x00000000   Number         0  stm32f1xx_hal_adc_ex.o ABSOLUTE
    stm32f1xx_hal_cortex.c                   0x00000000   Number         0  stm32f1xx_hal_cortex.o ABSOLUTE
    stm32f1xx_hal_dma.c                      0x00000000   Number         0  stm32f1xx_hal_dma.o ABSOLUTE
    stm32f1xx_hal_exti.c                     0x00000000   Number         0  stm32f1xx_hal_exti.o ABSOLUTE
    stm32f1xx_hal_flash.c                    0x00000000   Number         0  stm32f1xx_hal_flash.o ABSOLUTE
    stm32f1xx_hal_flash_ex.c                 0x00000000   Number         0  stm32f1xx_hal_flash_ex.o ABSOLUTE
    stm32f1xx_hal_gpio.c                     0x00000000   Number         0  stm32f1xx_hal_gpio.o ABSOLUTE
    stm32f1xx_hal_gpio_ex.c                  0x00000000   Number         0  stm32f1xx_hal_gpio_ex.o ABSOLUTE
    stm32f1xx_hal_msp.c                      0x00000000   Number         0  stm32f1xx_hal_msp.o ABSOLUTE
    stm32f1xx_hal_pwr.c                      0x00000000   Number         0  stm32f1xx_hal_pwr.o ABSOLUTE
    stm32f1xx_hal_rcc.c                      0x00000000   Number         0  stm32f1xx_hal_rcc.o ABSOLUTE
    stm32f1xx_hal_rcc_ex.c                   0x00000000   Number         0  stm32f1xx_hal_rcc_ex.o ABSOLUTE
    stm32f1xx_hal_spi.c                      0x00000000   Number         0  stm32f1xx_hal_spi.o ABSOLUTE
    stm32f1xx_hal_tim.c                      0x00000000   Number         0  stm32f1xx_hal_tim.o ABSOLUTE
    stm32f1xx_hal_tim_ex.c                   0x00000000   Number         0  stm32f1xx_hal_tim_ex.o ABSOLUTE
    stm32f1xx_hal_uart.c                     0x00000000   Number         0  stm32f1xx_hal_uart.o ABSOLUTE
    stm32f1xx_it.c                           0x00000000   Number         0  stm32f1xx_it.o ABSOLUTE
    system_stm32f1xx.c                       0x00000000   Number         0  system_stm32f1xx.o ABSOLUTE
    utils.c                                  0x00000000   Number         0  utils.o ABSOLUTE
    RESET                                    0x08000000   Section      236  startup_stm32f103xb.o(RESET)
    .ARM.Collect$$$$00000000                 0x080000ec   Section        0  entry.o(.ARM.Collect$$$$00000000)
    .ARM.Collect$$$$00000001                 0x080000ec   Section        4  entry2.o(.ARM.Collect$$$$00000001)
    .ARM.Collect$$$$00000004                 0x080000f0   Section        4  entry5.o(.ARM.Collect$$$$00000004)
    .ARM.Collect$$$$00000008                 0x080000f4   Section        0  entry7b.o(.ARM.Collect$$$$00000008)
    .ARM.Collect$$$$0000000A                 0x080000f4   Section        0  entry8b.o(.ARM.Collect$$$$0000000A)
    .ARM.Collect$$$$0000000B                 0x080000f4   Section        8  entry9a.o(.ARM.Collect$$$$0000000B)
    __lit__00000000                          0x080000fc   Data           4  entry2.o(.ARM.Collect$$$$00002712)
    .ARM.Collect$$$$0000000D                 0x080000fc   Section        0  entry10a.o(.ARM.Collect$$$$0000000D)
    .ARM.Collect$$$$0000000F                 0x080000fc   Section        0  entry11a.o(.ARM.Collect$$$$0000000F)
    .ARM.Collect$$$$00002712                 0x080000fc   Section        4  entry2.o(.ARM.Collect$$$$00002712)
    .text                                    0x08000100   Section       36  startup_stm32f103xb.o(.text)
    .text                                    0x08000124   Section        0  uldiv.o(.text)
    .text                                    0x08000188   Section        0  rand.o(.text)
    .text                                    0x080001ac   Section        0  memcpya.o(.text)
    .text                                    0x080001d0   Section        0  memseta.o(.text)
    .text                                    0x080001f4   Section        0  strchr.o(.text)
    .text                                    0x08000208   Section        0  atoi.o(.text)
    .text                                    0x08000222   Section        0  dmul.o(.text)
    .text                                    0x08000306   Section        0  ddiv.o(.text)
    .text                                    0x080003e4   Section        0  dflti.o(.text)
    .text                                    0x08000406   Section        0  dfltui.o(.text)
    .text                                    0x08000420   Section        0  dfixui.o(.text)
    .text                                    0x08000452   Section        0  llshl.o(.text)
    .text                                    0x08000470   Section        0  llushr.o(.text)
    .text                                    0x08000490   Section        0  strtol.o(.text)
    .text                                    0x08000500   Section        0  iusefp.o(.text)
    .text                                    0x08000500   Section        0  depilogue.o(.text)
    .text                                    0x080005bc   Section       36  init.o(.text)
    .text                                    0x080005e0   Section        0  ctype_o.o(.text)
    .text                                    0x080005e8   Section        0  _strtoul.o(.text)
    .text                                    0x08000686   Section        0  _chval.o(.text)
    .text                                    0x080006a2   Section        0  __dczerorl2.o(.text)
    [Anonymous Symbol]                       0x080006f8   Section        0  stm32f1xx_it.o(.text.BusFault_Handler)
    [Anonymous Symbol]                       0x080006fc   Section        0  stm32f1xx_it.o(.text.DebugMon_Handler)
    [Anonymous Symbol]                       0x08000700   Section        0  stm32f1xx_hal_dma.o(.text.HAL_DMA_Abort)
    [Anonymous Symbol]                       0x08000748   Section        0  stm32f1xx_hal_dma.o(.text.HAL_DMA_Abort_IT)
    [Anonymous Symbol]                       0x080007f4   Section        0  stm32f1xx_hal.o(.text.HAL_Delay)
    [Anonymous Symbol]                       0x0800081c   Section        0  stm32f1xx_hal_gpio.o(.text.HAL_GPIO_Init)
    [Anonymous Symbol]                       0x08000a30   Section        0  stm32f1xx_hal.o(.text.HAL_GetTick)
    [Anonymous Symbol]                       0x08000a3c   Section        0  stm32f1xx_hal.o(.text.HAL_IncTick)
    [Anonymous Symbol]                       0x08000a58   Section        0  stm32f1xx_hal.o(.text.HAL_Init)
    [Anonymous Symbol]                       0x08000a80   Section        0  stm32f1xx_hal.o(.text.HAL_InitTick)
    [Anonymous Symbol]                       0x08000ac8   Section        0  stm32f1xx_hal_msp.o(.text.HAL_MspInit)
    [Anonymous Symbol]                       0x08000b0c   Section        0  stm32f1xx_hal_cortex.o(.text.HAL_NVIC_EnableIRQ)
    [Anonymous Symbol]                       0x08000b2c   Section        0  stm32f1xx_hal_cortex.o(.text.HAL_NVIC_SetPriority)
    [Anonymous Symbol]                       0x08000b84   Section        0  stm32f1xx_hal_cortex.o(.text.HAL_NVIC_SetPriorityGrouping)
    [Anonymous Symbol]                       0x08000ba4   Section        0  stm32f1xx_hal_rcc_ex.o(.text.HAL_RCCEx_PeriphCLKConfig)
    [Anonymous Symbol]                       0x08000cb0   Section        0  stm32f1xx_hal_rcc.o(.text.HAL_RCC_ClockConfig)
    [Anonymous Symbol]                       0x08000e70   Section        0  stm32f1xx_hal_rcc.o(.text.HAL_RCC_GetPCLK1Freq)
    [Anonymous Symbol]                       0x08000e98   Section        0  stm32f1xx_hal_rcc.o(.text.HAL_RCC_GetPCLK2Freq)
    [Anonymous Symbol]                       0x08000ec0   Section        0  stm32f1xx_hal_rcc.o(.text.HAL_RCC_OscConfig)
    [Anonymous Symbol]                       0x08001274   Section        0  stm32f1xx_hal_cortex.o(.text.HAL_SYSTICK_Config)
    [Anonymous Symbol]                       0x080012a0   Section        0  stm32f1xx_hal_tim_ex.o(.text.HAL_TIMEx_BreakCallback)
    [Anonymous Symbol]                       0x080012a4   Section        0  stm32f1xx_hal_tim_ex.o(.text.HAL_TIMEx_CommutCallback)
    [Anonymous Symbol]                       0x080012a8   Section        0  stm32f1xx_hal_tim_ex.o(.text.HAL_TIMEx_MasterConfigSynchronization)
    [Anonymous Symbol]                       0x08001324   Section        0  stm32f1xx_hal_tim.o(.text.HAL_TIM_Base_Init)
    [Anonymous Symbol]                       0x08001410   Section        0  stm32f1xx_hal_msp.o(.text.HAL_TIM_Base_MspInit)
    [Anonymous Symbol]                       0x080014e8   Section        0  stm32f1xx_hal_tim.o(.text.HAL_TIM_Base_Start_IT)
    [Anonymous Symbol]                       0x08001558   Section        0  stm32f1xx_hal_tim.o(.text.HAL_TIM_Base_Stop_IT)
    [Anonymous Symbol]                       0x08001594   Section        0  stm32f1xx_hal_tim.o(.text.HAL_TIM_ConfigClockSource)
    [Anonymous Symbol]                       0x08001728   Section        0  stm32f1xx_hal_tim.o(.text.HAL_TIM_IC_CaptureCallback)
    [Anonymous Symbol]                       0x0800172c   Section        0  stm32f1xx_hal_tim.o(.text.HAL_TIM_IC_ConfigChannel)
    [Anonymous Symbol]                       0x08001898   Section        0  stm32f1xx_hal_tim.o(.text.HAL_TIM_IC_Init)
    [Anonymous Symbol]                       0x08001984   Section        0  stm32f1xx_hal_tim.o(.text.HAL_TIM_IC_MspInit)
    [Anonymous Symbol]                       0x08001988   Section        0  stm32f1xx_hal_tim.o(.text.HAL_TIM_IRQHandler)
    [Anonymous Symbol]                       0x08001af8   Section        0  stm32f1xx_hal_tim.o(.text.HAL_TIM_OC_DelayElapsedCallback)
    [Anonymous Symbol]                       0x08001afc   Section        0  stm32f1xx_hal_tim.o(.text.HAL_TIM_PWM_PulseFinishedCallback)
    [Anonymous Symbol]                       0x08001b00   Section        0  stm32f1xx_hal_tim.o(.text.HAL_TIM_PeriodElapsedCallback)
    [Anonymous Symbol]                       0x08001b04   Section        0  stm32f1xx_hal_tim.o(.text.HAL_TIM_TriggerCallback)
    [Anonymous Symbol]                       0x08001b08   Section        0  stm32f1xx_hal_uart.o(.text.HAL_UARTEx_RxEventCallback)
    [Anonymous Symbol]                       0x08001b0c   Section        0  stm32f1xx_hal_uart.o(.text.HAL_UART_ErrorCallback)
    [Anonymous Symbol]                       0x08001b10   Section        0  stm32f1xx_hal_uart.o(.text.HAL_UART_IRQHandler)
    [Anonymous Symbol]                       0x08001d7c   Section        0  stm32f1xx_hal_uart.o(.text.HAL_UART_Init)
    [Anonymous Symbol]                       0x08001e58   Section        0  stm32f1xx_hal_msp.o(.text.HAL_UART_MspInit)
    [Anonymous Symbol]                       0x08001f54   Section        0  stm32f1xx_hal_uart.o(.text.HAL_UART_Receive_IT)
    [Anonymous Symbol]                       0x08001fac   Section        0  main.o(.text.HAL_UART_RxCpltCallback)
    [Anonymous Symbol]                       0x08002044   Section        0  stm32f1xx_hal_uart.o(.text.HAL_UART_Transmit_IT)
    [Anonymous Symbol]                       0x08002088   Section        0  stm32f1xx_hal_uart.o(.text.HAL_UART_TxCpltCallback)
    [Anonymous Symbol]                       0x0800208c   Section        0  stm32f1xx_it.o(.text.HardFault_Handler)
    [Anonymous Symbol]                       0x08002090   Section        0  led_screen.o(.text.LED_screen_update_rgb_565)
    [Anonymous Symbol]                       0x080022dc   Section        0  stm32f1xx_it.o(.text.MemManage_Handler)
    [Anonymous Symbol]                       0x080022e0   Section        0  stm32f1xx_it.o(.text.NMI_Handler)
    [Anonymous Symbol]                       0x080022e4   Section        0  stm32f1xx_it.o(.text.PendSV_Handler)
    [Anonymous Symbol]                       0x080022e8   Section        0  stm32f1xx_it.o(.text.SVC_Handler)
    [Anonymous Symbol]                       0x080022ec   Section        0  stm32f1xx_it.o(.text.SysTick_Handler)
    [Anonymous Symbol]                       0x0800230c   Section        0  system_stm32f1xx.o(.text.SystemInit)
    [Anonymous Symbol]                       0x08002310   Section        0  stm32f1xx_it.o(.text.TIM1_UP_IRQHandler)
    [Anonymous Symbol]                       0x0800231c   Section        0  stm32f1xx_it.o(.text.TIM3_IRQHandler)
    [Anonymous Symbol]                       0x0800233c   Section        0  digital_clock.o(.text.TimestampToNormalTime)
    UART_DMAAbortOnError                     0x0800253d   Thumb Code    12  stm32f1xx_hal_uart.o(.text.UART_DMAAbortOnError)
    [Anonymous Symbol]                       0x0800253c   Section        0  stm32f1xx_hal_uart.o(.text.UART_DMAAbortOnError)
    UART_Receive_IT                          0x08002549   Thumb Code   182  stm32f1xx_hal_uart.o(.text.UART_Receive_IT)
    [Anonymous Symbol]                       0x08002548   Section        0  stm32f1xx_hal_uart.o(.text.UART_Receive_IT)
    [Anonymous Symbol]                       0x08002600   Section        0  stm32f1xx_it.o(.text.USART1_IRQHandler)
    [Anonymous Symbol]                       0x0800260c   Section        0  stm32f1xx_it.o(.text.UsageFault_Handler)
    [Anonymous Symbol]                       0x08002610   Section        0  fireworks.o(.text._draw_fireworks)
    [Anonymous Symbol]                       0x0800273c   Section        0  utils.o(.text.checkSkip)
    [Anonymous Symbol]                       0x08002788   Section        0  digital_clock.o(.text.dck_draw_clock)
    [Anonymous Symbol]                       0x08002c0c   Section        0  digital_clock.o(.text.dck_get_datetime)
    [Anonymous Symbol]                       0x08002c18   Section        0  digital_clock.o(.text.dck_set_lunar)
    [Anonymous Symbol]                       0x08002c28   Section        0  digital_clock.o(.text.dck_set_temp)
    [Anonymous Symbol]                       0x08002c34   Section        0  digital_clock.o(.text.dck_set_time)
    [Anonymous Symbol]                       0x08002c54   Section        0  main.o(.text.execute_cmd)
    [Anonymous Symbol]                       0x08002ef8   Section        0  fireworks.o(.text.fw_do_step)
    [Anonymous Symbol]                       0x08002fa8   Section        0  simple_gl.o(.text.gl_draw_begin)
    [Anonymous Symbol]                       0x08002fb8   Section        0  simple_gl.o(.text.gl_draw_end)
    [Anonymous Symbol]                       0x08002fe0   Section        0  simple_gl.o(.text.gl_draw_font)
    [Anonymous Symbol]                       0x08003314   Section        0  simple_gl.o(.text.gl_draw_image)
    [Anonymous Symbol]                       0x080037b8   Section        0  simple_gl.o(.text.gl_draw_line)
    [Anonymous Symbol]                       0x080038b4   Section        0  simple_gl.o(.text.gl_draw_rectangle)
    [Anonymous Symbol]                       0x080039c0   Section        0  simple_gl.o(.text.gl_fill)
    [Anonymous Symbol]                       0x08003ac0   Section        0  simple_gl.o(.text.gl_getGRAM)
    [Anonymous Symbol]                       0x08003acc   Section        0  main.o(.text.main)
    [Anonymous Symbol]                       0x08003e80   Section        0  utils.o(.text.millis)
    [Anonymous Symbol]                       0x08003e9c   Section        0  utils.o(.text.setCurrentTime)
    [Anonymous Symbol]                       0x08003eb8   Section        0  main.o(.text.uart_callback)
    i.__aeabi_errno_addr                     0x08003f0c   Section        0  errno.o(i.__aeabi_errno_addr)
    i.__scatterload_copy                     0x08003f14   Section       14  handlers.o(i.__scatterload_copy)
    i.__scatterload_null                     0x08003f22   Section        2  handlers.o(i.__scatterload_null)
    i.__scatterload_zeroinit                 0x08003f24   Section       14  handlers.o(i.__scatterload_zeroinit)
    .constdata                               0x08003f32   Section      129  ctype_o.o(.constdata)
    table                                    0x08003fb4   Data           4  ctype_o.o(.constdata)
    .constdata                               0x08003fb4   Section        4  ctype_o.o(.constdata)
    .L__const.HAL_RCC_GetSysClockFreq.aPredivFactorTable 0x08003fb8   Data           2  stm32f1xx_hal_rcc.o(.rodata..L__const.HAL_RCC_GetSysClockFreq.aPredivFactorTable)
    .L__const.main.clockSkipConfig           0x08003fd8   Data          16  main.o(.rodata.cst16)
    .L__const.main.fwSkipConfig              0x08003fe8   Data          16  main.o(.rodata.cst16)
    .L__const.HAL_RCC_GetSysClockFreq.aPLLMULFactorTable 0x08003ff8   Data          16  stm32f1xx_hal_rcc.o(.rodata.cst16)
    _rand_state                              0x20000000   Data           4  rand.o(.data)
    .data                                    0x20000000   Section        4  rand.o(.data)
    _errno                                   0x20000004   Data           4  errno.o(.data)
    .data                                    0x20000004   Section        4  errno.o(.data)
    .L_MergedGlobals                         0x20000008   Data           8  stm32f1xx_hal.o(.data..L_MergedGlobals)
    [Anonymous Symbol]                       0x20000008   Section        0  stm32f1xx_hal.o(.data..L_MergedGlobals)
    .L_MergedGlobals                         0x20000010   Data          44  fireworks.o(.data..L_MergedGlobals)
    [Anonymous Symbol]                       0x20000010   Section        0  fireworks.o(.data..L_MergedGlobals)
    FONT_4X7                                 0x2000003c   Data          56  simple_gl.o(.data.FONT_4X7)
    [Anonymous Symbol]                       0x2000003c   Section        0  simple_gl.o(.data.FONT_4X7)
    FONT_8X8                                 0x20000074   Data         120  simple_gl.o(.data.FONT_8X8)
    [Anonymous Symbol]                       0x20000074   Section        0  simple_gl.o(.data.FONT_8X8)
    .L_MergedGlobals                         0x20000540   Data         116  main.o(.bss..L_MergedGlobals)
    [Anonymous Symbol]                       0x20000540   Section        0  main.o(.bss..L_MergedGlobals)
    .L_MergedGlobals                         0x200005b4   Data          18  digital_clock.o(.bss..L_MergedGlobals)
    [Anonymous Symbol]                       0x200005b4   Section        0  digital_clock.o(.bss..L_MergedGlobals)
    GRAM                                     0x200005c8   Data        8192  simple_gl.o(.bss.GRAM)
    [Anonymous Symbol]                       0x200005c8   Section        0  simple_gl.o(.bss.GRAM)
    GRAM_TMP                                 0x200025c8   Data        8192  simple_gl.o(.bss.GRAM_TMP)
    [Anonymous Symbol]                       0x200025c8   Section        0  simple_gl.o(.bss.GRAM_TMP)
    STACK                                    0x20004a80   Section     1024  startup_stm32f103xb.o(STACK)

    Global Symbols

    Symbol Name                              Value     Ov Type        Size  Object(Section)

    BuildAttributes$$THM_ISAv4$P$D$K$B$S$PE$A:L22UL41UL21$X:L11$S22US41US21$IEEE1$IW$~IW$USESV6$~STKCKD$USESV7$~SHL$OTIME$ROPI$EBA8$MICROLIB$REQ8$PRES8$EABIv2 0x00000000   Number         0  anon$$obj.o ABSOLUTE
    _printf_a                                0x00000000   Number         0  printfstubs.o ABSOLUTE
    _printf_c                                0x00000000   Number         0  printfstubs.o ABSOLUTE
    _printf_charcount                        0x00000000   Number         0  printfstubs.o ABSOLUTE
    _printf_d                                0x00000000   Number         0  printfstubs.o ABSOLUTE
    _printf_e                                0x00000000   Number         0  printfstubs.o ABSOLUTE
    _printf_f                                0x00000000   Number         0  printfstubs.o ABSOLUTE
    _printf_flags                            0x00000000   Number         0  printfstubs.o ABSOLUTE
    _printf_fp_dec                           0x00000000   Number         0  printfstubs.o ABSOLUTE
    _printf_fp_hex                           0x00000000   Number         0  printfstubs.o ABSOLUTE
    _printf_g                                0x00000000   Number         0  printfstubs.o ABSOLUTE
    _printf_i                                0x00000000   Number         0  printfstubs.o ABSOLUTE
    _printf_int_dec                          0x00000000   Number         0  printfstubs.o ABSOLUTE
    _printf_l                                0x00000000   Number         0  printfstubs.o ABSOLUTE
    _printf_lc                               0x00000000   Number         0  printfstubs.o ABSOLUTE
    _printf_ll                               0x00000000   Number         0  printfstubs.o ABSOLUTE
    _printf_lld                              0x00000000   Number         0  printfstubs.o ABSOLUTE
    _printf_lli                              0x00000000   Number         0  printfstubs.o ABSOLUTE
    _printf_llo                              0x00000000   Number         0  printfstubs.o ABSOLUTE
    _printf_llu                              0x00000000   Number         0  printfstubs.o ABSOLUTE
    _printf_llx                              0x00000000   Number         0  printfstubs.o ABSOLUTE
    _printf_longlong_dec                     0x00000000   Number         0  printfstubs.o ABSOLUTE
    _printf_longlong_hex                     0x00000000   Number         0  printfstubs.o ABSOLUTE
    _printf_longlong_oct                     0x00000000   Number         0  printfstubs.o ABSOLUTE
    _printf_ls                               0x00000000   Number         0  printfstubs.o ABSOLUTE
    _printf_mbtowc                           0x00000000   Number         0  printfstubs.o ABSOLUTE
    _printf_n                                0x00000000   Number         0  printfstubs.o ABSOLUTE
    _printf_o                                0x00000000   Number         0  printfstubs.o ABSOLUTE
    _printf_p                                0x00000000   Number         0  printfstubs.o ABSOLUTE
    _printf_percent                          0x00000000   Number         0  printfstubs.o ABSOLUTE
    _printf_pre_padding                      0x00000000   Number         0  printfstubs.o ABSOLUTE
    _printf_return_value                     0x00000000   Number         0  printfstubs.o ABSOLUTE
    _printf_s                                0x00000000   Number         0  printfstubs.o ABSOLUTE
    _printf_sizespec                         0x00000000   Number         0  printfstubs.o ABSOLUTE
    _printf_str                              0x00000000   Number         0  printfstubs.o ABSOLUTE
    _printf_truncate_signed                  0x00000000   Number         0  printfstubs.o ABSOLUTE
    _printf_truncate_unsigned                0x00000000   Number         0  printfstubs.o ABSOLUTE
    _printf_u                                0x00000000   Number         0  printfstubs.o ABSOLUTE
    _printf_wc                               0x00000000   Number         0  printfstubs.o ABSOLUTE
    _printf_wctomb                           0x00000000   Number         0  printfstubs.o ABSOLUTE
    _printf_widthprec                        0x00000000   Number         0  printfstubs.o ABSOLUTE
    _printf_x                                0x00000000   Number         0  printfstubs.o ABSOLUTE
    __cpp_initialize__aeabi_                  - Undefined Weak Reference
    __cxa_finalize                            - Undefined Weak Reference
    _clock_init                               - Undefined Weak Reference
    _microlib_exit                            - Undefined Weak Reference
    __Vectors_Size                           0x000000ec   Number         0  startup_stm32f103xb.o ABSOLUTE
    __Vectors                                0x08000000   Data           4  startup_stm32f103xb.o(RESET)
    __Vectors_End                            0x080000ec   Data           0  startup_stm32f103xb.o(RESET)
    __main                                   0x080000ed   Thumb Code     0  entry.o(.ARM.Collect$$$$00000000)
    _main_stk                                0x080000ed   Thumb Code     0  entry2.o(.ARM.Collect$$$$00000001)
    _main_scatterload                        0x080000f1   Thumb Code     0  entry5.o(.ARM.Collect$$$$00000004)
    __main_after_scatterload                 0x080000f5   Thumb Code     0  entry5.o(.ARM.Collect$$$$00000004)
    _main_clock                              0x080000f5   Thumb Code     0  entry7b.o(.ARM.Collect$$$$00000008)
    _main_cpp_init                           0x080000f5   Thumb Code     0  entry8b.o(.ARM.Collect$$$$0000000A)
    _main_init                               0x080000f5   Thumb Code     0  entry9a.o(.ARM.Collect$$$$0000000B)
    __rt_final_cpp                           0x080000fd   Thumb Code     0  entry10a.o(.ARM.Collect$$$$0000000D)
    __rt_final_exit                          0x080000fd   Thumb Code     0  entry11a.o(.ARM.Collect$$$$0000000F)
    Reset_Handler                            0x08000101   Thumb Code     8  startup_stm32f103xb.o(.text)
    ADC1_2_IRQHandler                        0x0800011b   Thumb Code     0  startup_stm32f103xb.o(.text)
    CAN1_RX1_IRQHandler                      0x0800011b   Thumb Code     0  startup_stm32f103xb.o(.text)
    CAN1_SCE_IRQHandler                      0x0800011b   Thumb Code     0  startup_stm32f103xb.o(.text)
    DMA1_Channel1_IRQHandler                 0x0800011b   Thumb Code     0  startup_stm32f103xb.o(.text)
    DMA1_Channel2_IRQHandler                 0x0800011b   Thumb Code     0  startup_stm32f103xb.o(.text)
    DMA1_Channel3_IRQHandler                 0x0800011b   Thumb Code     0  startup_stm32f103xb.o(.text)
    DMA1_Channel4_IRQHandler                 0x0800011b   Thumb Code     0  startup_stm32f103xb.o(.text)
    DMA1_Channel5_IRQHandler                 0x0800011b   Thumb Code     0  startup_stm32f103xb.o(.text)
    DMA1_Channel6_IRQHandler                 0x0800011b   Thumb Code     0  startup_stm32f103xb.o(.text)
    DMA1_Channel7_IRQHandler                 0x0800011b   Thumb Code     0  startup_stm32f103xb.o(.text)
    EXTI0_IRQHandler                         0x0800011b   Thumb Code     0  startup_stm32f103xb.o(.text)
    EXTI15_10_IRQHandler                     0x0800011b   Thumb Code     0  startup_stm32f103xb.o(.text)
    EXTI1_IRQHandler                         0x0800011b   Thumb Code     0  startup_stm32f103xb.o(.text)
    EXTI2_IRQHandler                         0x0800011b   Thumb Code     0  startup_stm32f103xb.o(.text)
    EXTI3_IRQHandler                         0x0800011b   Thumb Code     0  startup_stm32f103xb.o(.text)
    EXTI4_IRQHandler                         0x0800011b   Thumb Code     0  startup_stm32f103xb.o(.text)
    EXTI9_5_IRQHandler                       0x0800011b   Thumb Code     0  startup_stm32f103xb.o(.text)
    FLASH_IRQHandler                         0x0800011b   Thumb Code     0  startup_stm32f103xb.o(.text)
    I2C1_ER_IRQHandler                       0x0800011b   Thumb Code     0  startup_stm32f103xb.o(.text)
    I2C1_EV_IRQHandler                       0x0800011b   Thumb Code     0  startup_stm32f103xb.o(.text)
    I2C2_ER_IRQHandler                       0x0800011b   Thumb Code     0  startup_stm32f103xb.o(.text)
    I2C2_EV_IRQHandler                       0x0800011b   Thumb Code     0  startup_stm32f103xb.o(.text)
    PVD_IRQHandler                           0x0800011b   Thumb Code     0  startup_stm32f103xb.o(.text)
    RCC_IRQHandler                           0x0800011b   Thumb Code     0  startup_stm32f103xb.o(.text)
    RTC_Alarm_IRQHandler                     0x0800011b   Thumb Code     0  startup_stm32f103xb.o(.text)
    RTC_IRQHandler                           0x0800011b   Thumb Code     0  startup_stm32f103xb.o(.text)
    SPI1_IRQHandler                          0x0800011b   Thumb Code     0  startup_stm32f103xb.o(.text)
    SPI2_IRQHandler                          0x0800011b   Thumb Code     0  startup_stm32f103xb.o(.text)
    TAMPER_IRQHandler                        0x0800011b   Thumb Code     0  startup_stm32f103xb.o(.text)
    TIM1_BRK_IRQHandler                      0x0800011b   Thumb Code     0  startup_stm32f103xb.o(.text)
    TIM1_CC_IRQHandler                       0x0800011b   Thumb Code     0  startup_stm32f103xb.o(.text)
    TIM1_TRG_COM_IRQHandler                  0x0800011b   Thumb Code     0  startup_stm32f103xb.o(.text)
    TIM2_IRQHandler                          0x0800011b   Thumb Code     0  startup_stm32f103xb.o(.text)
    TIM4_IRQHandler                          0x0800011b   Thumb Code     0  startup_stm32f103xb.o(.text)
    USART2_IRQHandler                        0x0800011b   Thumb Code     0  startup_stm32f103xb.o(.text)
    USART3_IRQHandler                        0x0800011b   Thumb Code     0  startup_stm32f103xb.o(.text)
    USBWakeUp_IRQHandler                     0x0800011b   Thumb Code     0  startup_stm32f103xb.o(.text)
    USB_HP_CAN1_TX_IRQHandler                0x0800011b   Thumb Code     0  startup_stm32f103xb.o(.text)
    USB_LP_CAN1_RX0_IRQHandler               0x0800011b   Thumb Code     0  startup_stm32f103xb.o(.text)
    WWDG_IRQHandler                          0x0800011b   Thumb Code     0  startup_stm32f103xb.o(.text)
    __aeabi_uldivmod                         0x08000125   Thumb Code    98  uldiv.o(.text)
    rand                                     0x08000189   Thumb Code    20  rand.o(.text)
    srand                                    0x0800019d   Thumb Code     6  rand.o(.text)
    __aeabi_memcpy                           0x080001ad   Thumb Code    36  memcpya.o(.text)
    __aeabi_memcpy4                          0x080001ad   Thumb Code     0  memcpya.o(.text)
    __aeabi_memcpy8                          0x080001ad   Thumb Code     0  memcpya.o(.text)
    __aeabi_memset                           0x080001d1   Thumb Code    14  memseta.o(.text)
    __aeabi_memset4                          0x080001d1   Thumb Code     0  memseta.o(.text)
    __aeabi_memset8                          0x080001d1   Thumb Code     0  memseta.o(.text)
    __aeabi_memclr                           0x080001df   Thumb Code     4  memseta.o(.text)
    __aeabi_memclr4                          0x080001df   Thumb Code     0  memseta.o(.text)
    __aeabi_memclr8                          0x080001df   Thumb Code     0  memseta.o(.text)
    _memset$wrapper                          0x080001e3   Thumb Code    18  memseta.o(.text)
    strchr                                   0x080001f5   Thumb Code    20  strchr.o(.text)
    atoi                                     0x08000209   Thumb Code    26  atoi.o(.text)
    __aeabi_dmul                             0x08000223   Thumb Code   228  dmul.o(.text)
    __aeabi_ddiv                             0x08000307   Thumb Code   222  ddiv.o(.text)
    __aeabi_i2d                              0x080003e5   Thumb Code    34  dflti.o(.text)
    __aeabi_ui2d                             0x08000407   Thumb Code    26  dfltui.o(.text)
    __aeabi_d2uiz                            0x08000421   Thumb Code    50  dfixui.o(.text)
    __aeabi_llsl                             0x08000453   Thumb Code    30  llshl.o(.text)
    _ll_shift_l                              0x08000453   Thumb Code     0  llshl.o(.text)
    __aeabi_llsr                             0x08000471   Thumb Code    32  llushr.o(.text)
    _ll_ushift_r                             0x08000471   Thumb Code     0  llushr.o(.text)
    strtol                                   0x08000491   Thumb Code   112  strtol.o(.text)
    __I$use$fp                               0x08000501   Thumb Code     0  iusefp.o(.text)
    _double_round                            0x08000501   Thumb Code    30  depilogue.o(.text)
    _double_epilogue                         0x0800051f   Thumb Code   156  depilogue.o(.text)
    __scatterload                            0x080005bd   Thumb Code    28  init.o(.text)
    __scatterload_rt2                        0x080005bd   Thumb Code     0  init.o(.text)
    __rt_ctype_table                         0x080005e1   Thumb Code     4  ctype_o.o(.text)
    _strtoul                                 0x080005e9   Thumb Code   158  _strtoul.o(.text)
    _chval                                   0x08000687   Thumb Code    28  _chval.o(.text)
    __decompress                             0x080006a3   Thumb Code     0  __dczerorl2.o(.text)
    __decompress1                            0x080006a3   Thumb Code    86  __dczerorl2.o(.text)
    BusFault_Handler                         0x080006f9   Thumb Code     2  stm32f1xx_it.o(.text.BusFault_Handler)
    DebugMon_Handler                         0x080006fd   Thumb Code     2  stm32f1xx_it.o(.text.DebugMon_Handler)
    HAL_DMA_Abort                            0x08000701   Thumb Code    70  stm32f1xx_hal_dma.o(.text.HAL_DMA_Abort)
    HAL_DMA_Abort_IT                         0x08000749   Thumb Code   170  stm32f1xx_hal_dma.o(.text.HAL_DMA_Abort_IT)
    HAL_Delay                                0x080007f5   Thumb Code    40  stm32f1xx_hal.o(.text.HAL_Delay)
    HAL_GPIO_Init                            0x0800081d   Thumb Code   530  stm32f1xx_hal_gpio.o(.text.HAL_GPIO_Init)
    HAL_GetTick                              0x08000a31   Thumb Code    12  stm32f1xx_hal.o(.text.HAL_GetTick)
    HAL_IncTick                              0x08000a3d   Thumb Code    26  stm32f1xx_hal.o(.text.HAL_IncTick)
    HAL_Init                                 0x08000a59   Thumb Code    38  stm32f1xx_hal.o(.text.HAL_Init)
    HAL_InitTick                             0x08000a81   Thumb Code    72  stm32f1xx_hal.o(.text.HAL_InitTick)
    HAL_MspInit                              0x08000ac9   Thumb Code    66  stm32f1xx_hal_msp.o(.text.HAL_MspInit)
    HAL_NVIC_EnableIRQ                       0x08000b0d   Thumb Code    32  stm32f1xx_hal_cortex.o(.text.HAL_NVIC_EnableIRQ)
    HAL_NVIC_SetPriority                     0x08000b2d   Thumb Code    86  stm32f1xx_hal_cortex.o(.text.HAL_NVIC_SetPriority)
    HAL_NVIC_SetPriorityGrouping             0x08000b85   Thumb Code    32  stm32f1xx_hal_cortex.o(.text.HAL_NVIC_SetPriorityGrouping)
    HAL_RCCEx_PeriphCLKConfig                0x08000ba5   Thumb Code   266  stm32f1xx_hal_rcc_ex.o(.text.HAL_RCCEx_PeriphCLKConfig)
    HAL_RCC_ClockConfig                      0x08000cb1   Thumb Code   446  stm32f1xx_hal_rcc.o(.text.HAL_RCC_ClockConfig)
    HAL_RCC_GetPCLK1Freq                     0x08000e71   Thumb Code    38  stm32f1xx_hal_rcc.o(.text.HAL_RCC_GetPCLK1Freq)
    HAL_RCC_GetPCLK2Freq                     0x08000e99   Thumb Code    38  stm32f1xx_hal_rcc.o(.text.HAL_RCC_GetPCLK2Freq)
    HAL_RCC_OscConfig                        0x08000ec1   Thumb Code   948  stm32f1xx_hal_rcc.o(.text.HAL_RCC_OscConfig)
    HAL_SYSTICK_Config                       0x08001275   Thumb Code    44  stm32f1xx_hal_cortex.o(.text.HAL_SYSTICK_Config)
    HAL_TIMEx_BreakCallback                  0x080012a1   Thumb Code     2  stm32f1xx_hal_tim_ex.o(.text.HAL_TIMEx_BreakCallback)
    HAL_TIMEx_CommutCallback                 0x080012a5   Thumb Code     2  stm32f1xx_hal_tim_ex.o(.text.HAL_TIMEx_CommutCallback)
    HAL_TIMEx_MasterConfigSynchronization    0x080012a9   Thumb Code   122  stm32f1xx_hal_tim_ex.o(.text.HAL_TIMEx_MasterConfigSynchronization)
    HAL_TIM_Base_Init                        0x08001325   Thumb Code   236  stm32f1xx_hal_tim.o(.text.HAL_TIM_Base_Init)
    HAL_TIM_Base_MspInit                     0x08001411   Thumb Code   214  stm32f1xx_hal_msp.o(.text.HAL_TIM_Base_MspInit)
    HAL_TIM_Base_Start_IT                    0x080014e9   Thumb Code   110  stm32f1xx_hal_tim.o(.text.HAL_TIM_Base_Start_IT)
    HAL_TIM_Base_Stop_IT                     0x08001559   Thumb Code    60  stm32f1xx_hal_tim.o(.text.HAL_TIM_Base_Stop_IT)
    HAL_TIM_ConfigClockSource                0x08001595   Thumb Code   402  stm32f1xx_hal_tim.o(.text.HAL_TIM_ConfigClockSource)
    HAL_TIM_IC_CaptureCallback               0x08001729   Thumb Code     2  stm32f1xx_hal_tim.o(.text.HAL_TIM_IC_CaptureCallback)
    HAL_TIM_IC_ConfigChannel                 0x0800172d   Thumb Code   362  stm32f1xx_hal_tim.o(.text.HAL_TIM_IC_ConfigChannel)
    HAL_TIM_IC_Init                          0x08001899   Thumb Code   236  stm32f1xx_hal_tim.o(.text.HAL_TIM_IC_Init)
    HAL_TIM_IC_MspInit                       0x08001985   Thumb Code     2  stm32f1xx_hal_tim.o(.text.HAL_TIM_IC_MspInit)
    HAL_TIM_IRQHandler                       0x08001989   Thumb Code   368  stm32f1xx_hal_tim.o(.text.HAL_TIM_IRQHandler)
    HAL_TIM_OC_DelayElapsedCallback          0x08001af9   Thumb Code     2  stm32f1xx_hal_tim.o(.text.HAL_TIM_OC_DelayElapsedCallback)
    HAL_TIM_PWM_PulseFinishedCallback        0x08001afd   Thumb Code     2  stm32f1xx_hal_tim.o(.text.HAL_TIM_PWM_PulseFinishedCallback)
    HAL_TIM_PeriodElapsedCallback            0x08001b01   Thumb Code     2  stm32f1xx_hal_tim.o(.text.HAL_TIM_PeriodElapsedCallback)
    HAL_TIM_TriggerCallback                  0x08001b05   Thumb Code     2  stm32f1xx_hal_tim.o(.text.HAL_TIM_TriggerCallback)
    HAL_UARTEx_RxEventCallback               0x08001b09   Thumb Code     2  stm32f1xx_hal_uart.o(.text.HAL_UARTEx_RxEventCallback)
    HAL_UART_ErrorCallback                   0x08001b0d   Thumb Code     2  stm32f1xx_hal_uart.o(.text.HAL_UART_ErrorCallback)
    HAL_UART_IRQHandler                      0x08001b11   Thumb Code   620  stm32f1xx_hal_uart.o(.text.HAL_UART_IRQHandler)
    HAL_UART_Init                            0x08001d7d   Thumb Code   220  stm32f1xx_hal_uart.o(.text.HAL_UART_Init)
    HAL_UART_MspInit                         0x08001e59   Thumb Code   250  stm32f1xx_hal_msp.o(.text.HAL_UART_MspInit)
    HAL_UART_Receive_IT                      0x08001f55   Thumb Code    86  stm32f1xx_hal_uart.o(.text.HAL_UART_Receive_IT)
    HAL_UART_RxCpltCallback                  0x08001fad   Thumb Code   150  main.o(.text.HAL_UART_RxCpltCallback)
    HAL_UART_Transmit_IT                     0x08002045   Thumb Code    68  stm32f1xx_hal_uart.o(.text.HAL_UART_Transmit_IT)
    HAL_UART_TxCpltCallback                  0x08002089   Thumb Code     2  stm32f1xx_hal_uart.o(.text.HAL_UART_TxCpltCallback)
    HardFault_Handler                        0x0800208d   Thumb Code     2  stm32f1xx_it.o(.text.HardFault_Handler)
    LED_screen_update_rgb_565                0x08002091   Thumb Code   586  led_screen.o(.text.LED_screen_update_rgb_565)
    MemManage_Handler                        0x080022dd   Thumb Code     2  stm32f1xx_it.o(.text.MemManage_Handler)
    NMI_Handler                              0x080022e1   Thumb Code     2  stm32f1xx_it.o(.text.NMI_Handler)
    PendSV_Handler                           0x080022e5   Thumb Code     2  stm32f1xx_it.o(.text.PendSV_Handler)
    SVC_Handler                              0x080022e9   Thumb Code     2  stm32f1xx_it.o(.text.SVC_Handler)
    SysTick_Handler                          0x080022ed   Thumb Code    30  stm32f1xx_it.o(.text.SysTick_Handler)
    SystemInit                               0x0800230d   Thumb Code     2  system_stm32f1xx.o(.text.SystemInit)
    TIM1_UP_IRQHandler                       0x08002311   Thumb Code    12  stm32f1xx_it.o(.text.TIM1_UP_IRQHandler)
    TIM3_IRQHandler                          0x0800231d   Thumb Code    32  stm32f1xx_it.o(.text.TIM3_IRQHandler)
    TimestampToNormalTime                    0x0800233d   Thumb Code   510  digital_clock.o(.text.TimestampToNormalTime)
    USART1_IRQHandler                        0x08002601   Thumb Code    12  stm32f1xx_it.o(.text.USART1_IRQHandler)
    UsageFault_Handler                       0x0800260d   Thumb Code     2  stm32f1xx_it.o(.text.UsageFault_Handler)
    _draw_fireworks                          0x08002611   Thumb Code   298  fireworks.o(.text._draw_fireworks)
    checkSkip                                0x0800273d   Thumb Code    74  utils.o(.text.checkSkip)
    dck_draw_clock                           0x08002789   Thumb Code  1124  digital_clock.o(.text.dck_draw_clock)
    dck_get_datetime                         0x08002c0d   Thumb Code    12  digital_clock.o(.text.dck_get_datetime)
    dck_set_lunar                            0x08002c19   Thumb Code    14  digital_clock.o(.text.dck_set_lunar)
    dck_set_temp                             0x08002c29   Thumb Code    12  digital_clock.o(.text.dck_set_temp)
    dck_set_time                             0x08002c35   Thumb Code    32  digital_clock.o(.text.dck_set_time)
    execute_cmd                              0x08002c55   Thumb Code   674  main.o(.text.execute_cmd)
    fw_do_step                               0x08002ef9   Thumb Code   174  fireworks.o(.text.fw_do_step)
    gl_draw_begin                            0x08002fa9   Thumb Code    14  simple_gl.o(.text.gl_draw_begin)
    gl_draw_end                              0x08002fb9   Thumb Code    40  simple_gl.o(.text.gl_draw_end)
    gl_draw_font                             0x08002fe1   Thumb Code   818  simple_gl.o(.text.gl_draw_font)
    gl_draw_image                            0x08003315   Thumb Code  1186  simple_gl.o(.text.gl_draw_image)
    gl_draw_line                             0x080037b9   Thumb Code   250  simple_gl.o(.text.gl_draw_line)
    gl_draw_rectangle                        0x080038b5   Thumb Code   266  simple_gl.o(.text.gl_draw_rectangle)
    gl_fill                                  0x080039c1   Thumb Code   254  simple_gl.o(.text.gl_fill)
    gl_getGRAM                               0x08003ac1   Thumb Code    10  simple_gl.o(.text.gl_getGRAM)
    main                                     0x08003acd   Thumb Code   928  main.o(.text.main)
    millis                                   0x08003e81   Thumb Code    26  utils.o(.text.millis)
    setCurrentTime                           0x08003e9d   Thumb Code    28  utils.o(.text.setCurrentTime)
    uart_callback                            0x08003eb9   Thumb Code    82  main.o(.text.uart_callback)
    __aeabi_errno_addr                       0x08003f0d   Thumb Code     4  errno.o(i.__aeabi_errno_addr)
    __rt_errno_addr                          0x08003f0d   Thumb Code     0  errno.o(i.__aeabi_errno_addr)
    __scatterload_copy                       0x08003f15   Thumb Code    14  handlers.o(i.__scatterload_copy)
    __scatterload_null                       0x08003f23   Thumb Code     2  handlers.o(i.__scatterload_null)
    __scatterload_zeroinit                   0x08003f25   Thumb Code    14  handlers.o(i.__scatterload_zeroinit)
    __ctype_table                            0x08003f32   Data         129  ctype_o.o(.constdata)
    AHBPrescTable                            0x08003fba   Data          16  system_stm32f1xx.o(.rodata.AHBPrescTable)
    APBPrescTable                            0x08003fca   Data           8  system_stm32f1xx.o(.rodata.APBPrescTable)
    Region$$Table$$Base                      0x08004008   Number         0  anon$$obj.o(Region$$Table)
    Region$$Table$$Limit                     0x08004028   Number         0  anon$$obj.o(Region$$Table)
    uwTickFreq                               0x20000008   Data           1  stm32f1xx_hal.o(.data..L_MergedGlobals)
    uwTickPrio                               0x2000000c   Data           4  stm32f1xx_hal.o(.data..L_MergedGlobals)
    fw_cnt                                   0x20000010   Data           1  fireworks.o(.data..L_MergedGlobals)
    max_step                                 0x20000012   Data           2  fireworks.o(.data..L_MergedGlobals)
    fw_px                                    0x20000014   Data          10  fireworks.o(.data..L_MergedGlobals)
    fw_py                                    0x2000001e   Data          10  fireworks.o(.data..L_MergedGlobals)
    fw_offsets                               0x20000028   Data          10  fireworks.o(.data..L_MergedGlobals)
    fw_colors                                0x20000032   Data          10  fireworks.o(.data..L_MergedGlobals)
    SystemCoreClock                          0x200000ec   Data           4  system_stm32f1xx.o(.data.SystemCoreClock)
    font_4x7                                 0x200000f0   Data           8  simple_gl.o(.data.font_4x7)
    font_8x8                                 0x200000f8   Data           8  simple_gl.o(.data.font_8x8)
    gl_img_cloud                             0x20000100   Data           8  simple_gl.o(.data.gl_img_cloud)
    gl_img_rain                              0x20000108   Data           8  simple_gl.o(.data.gl_img_rain)
    gl_img_snow                              0x20000110   Data           8  simple_gl.o(.data.gl_img_snow)
    gl_img_sun                               0x20000118   Data           8  simple_gl.o(.data.gl_img_sun)
    img_cloud                                0x20000120   Data         196  simple_gl.o(.data.img_cloud)
    img_rain                                 0x200001e4   Data         360  simple_gl.o(.data.img_rain)
    img_snow                                 0x2000034c   Data         162  simple_gl.o(.data.img_snow)
    img_sun                                  0x200003ee   Data         338  simple_gl.o(.data.img_sun)
    uart_data                                0x20000540   Data           1  main.o(.bss..L_MergedGlobals)
    uart_buff_len                            0x20000542   Data           2  main.o(.bss..L_MergedGlobals)
    clock_info                               0x20000548   Data          40  main.o(.bss..L_MergedGlobals)
    huart1                                   0x20000570   Data          68  main.o(.bss..L_MergedGlobals)
    dck_weather                              0x200005b4   Data           1  digital_clock.o(.bss..L_MergedGlobals)
    dck_blink                                0x200005b5   Data           1  digital_clock.o(.bss..L_MergedGlobals)
    dck_temp                                 0x200005b8   Data           4  digital_clock.o(.bss..L_MergedGlobals)
    dck_datetime                             0x200005bc   Data          10  digital_clock.o(.bss..L_MergedGlobals)
    gl_draw_flag                             0x200045c8   Data           1  simple_gl.o(.bss.gl_draw_flag)
    gram_rgb_565                             0x200045cc   Data           4  led_screen.o(.bss.gram_rgb_565)
    htim1                                    0x200045d0   Data          72  main.o(.bss.htim1)
    htim3                                    0x20004618   Data          72  main.o(.bss.htim3)
    step                                     0x20004660   Data           2  fireworks.o(.bss.step)
    system_run_time                          0x20004668   Data           8  stm32f1xx_it.o(.bss.system_run_time)
    system_time_offset                       0x20004670   Data           8  utils.o(.bss.system_time_offset)
    uart_buff                                0x20004678   Data        1024  main.o(.bss.uart_buff)
    uwTick                                   0x20004a78   Data           4  stm32f1xx_hal.o(.bss.uwTick)
    __initial_sp                             0x20004e80   Data           0  startup_stm32f103xb.o(STACK)



==============================================================================

Memory Map of the image

  Image Entry point : 0x080000ed

  Load Region LR_IROM1 (Base: 0x08000000, Size: 0x00004568, Max: 0x00010000, ABSOLUTE, COMPRESSED[0x000041b0])

    Execution Region ER_IROM1 (Exec base: 0x08000000, Load base: 0x08000000, Size: 0x00004028, Max: 0x00010000, ABSOLUTE)

    Exec Addr    Load Addr    Size         Type   Attr      Idx    E Section Name        Object

    0x08000000   0x08000000   0x000000ec   Data   RO           93    RESET               startup_stm32f103xb.o
    0x080000ec   0x080000ec   0x00000000   Code   RO         1222  * .ARM.Collect$$$$00000000  mc_w.l(entry.o)
    0x080000ec   0x080000ec   0x00000004   Code   RO         1515    .ARM.Collect$$$$00000001  mc_w.l(entry2.o)
    0x080000f0   0x080000f0   0x00000004   Code   RO         1518    .ARM.Collect$$$$00000004  mc_w.l(entry5.o)
    0x080000f4   0x080000f4   0x00000000   Code   RO         1520    .ARM.Collect$$$$00000008  mc_w.l(entry7b.o)
    0x080000f4   0x080000f4   0x00000000   Code   RO         1522    .ARM.Collect$$$$0000000A  mc_w.l(entry8b.o)
    0x080000f4   0x080000f4   0x00000008   Code   RO         1523    .ARM.Collect$$$$0000000B  mc_w.l(entry9a.o)
    0x080000fc   0x080000fc   0x00000000   Code   RO         1525    .ARM.Collect$$$$0000000D  mc_w.l(entry10a.o)
    0x080000fc   0x080000fc   0x00000000   Code   RO         1527    .ARM.Collect$$$$0000000F  mc_w.l(entry11a.o)
    0x080000fc   0x080000fc   0x00000004   Code   RO         1516    .ARM.Collect$$$$00002712  mc_w.l(entry2.o)
    0x08000100   0x08000100   0x00000024   Code   RO           94    .text               startup_stm32f103xb.o
    0x08000124   0x08000124   0x00000062   Code   RO         1229    .text               mc_w.l(uldiv.o)
    0x08000186   0x08000186   0x00000002   PAD
    0x08000188   0x08000188   0x00000024   Code   RO         1231    .text               mc_w.l(rand.o)
    0x080001ac   0x080001ac   0x00000024   Code   RO         1234    .text               mc_w.l(memcpya.o)
    0x080001d0   0x080001d0   0x00000024   Code   RO         1236    .text               mc_w.l(memseta.o)
    0x080001f4   0x080001f4   0x00000014   Code   RO         1238    .text               mc_w.l(strchr.o)
    0x08000208   0x08000208   0x0000001a   Code   RO         1503    .text               mc_w.l(atoi.o)
    0x08000222   0x08000222   0x000000e4   Code   RO         1505    .text               mf_w.l(dmul.o)
    0x08000306   0x08000306   0x000000de   Code   RO         1507    .text               mf_w.l(ddiv.o)
    0x080003e4   0x080003e4   0x00000022   Code   RO         1509    .text               mf_w.l(dflti.o)
    0x08000406   0x08000406   0x0000001a   Code   RO         1511    .text               mf_w.l(dfltui.o)
    0x08000420   0x08000420   0x00000032   Code   RO         1513    .text               mf_w.l(dfixui.o)
    0x08000452   0x08000452   0x0000001e   Code   RO         1545    .text               mc_w.l(llshl.o)
    0x08000470   0x08000470   0x00000020   Code   RO         1547    .text               mc_w.l(llushr.o)
    0x08000490   0x08000490   0x00000070   Code   RO         1556    .text               mc_w.l(strtol.o)
    0x08000500   0x08000500   0x00000000   Code   RO         1558    .text               mc_w.l(iusefp.o)
    0x08000500   0x08000500   0x000000ba   Code   RO         1559    .text               mf_w.l(depilogue.o)
    0x080005ba   0x080005ba   0x00000002   PAD
    0x080005bc   0x080005bc   0x00000024   Code   RO         1567    .text               mc_w.l(init.o)
    0x080005e0   0x080005e0   0x00000008   Code   RO         1572    .text               mc_w.l(ctype_o.o)
    0x080005e8   0x080005e8   0x0000009e   Code   RO         1600    .text               mc_w.l(_strtoul.o)
    0x08000686   0x08000686   0x0000001c   Code   RO         1603    .text               mc_w.l(_chval.o)
    0x080006a2   0x080006a2   0x00000056   Code   RO         1613    .text               mc_w.l(__dczerorl2.o)
    0x080006f8   0x080006f8   0x00000002   Code   RO           38    .text.BusFault_Handler  stm32f1xx_it.o
    0x080006fa   0x080006fa   0x00000002   PAD
    0x080006fc   0x080006fc   0x00000002   Code   RO           44    .text.DebugMon_Handler  stm32f1xx_it.o
    0x080006fe   0x080006fe   0x00000002   PAD
    0x08000700   0x08000700   0x00000046   Code   RO          355    .text.HAL_DMA_Abort  stm32f1xx_hal_dma.o
    0x08000746   0x08000746   0x00000002   PAD
    0x08000748   0x08000748   0x000000aa   Code   RO          357    .text.HAL_DMA_Abort_IT  stm32f1xx_hal_dma.o
    0x080007f2   0x080007f2   0x00000002   PAD
    0x080007f4   0x080007f4   0x00000028   Code   RO          231    .text.HAL_Delay     stm32f1xx_hal.o
    0x0800081c   0x0800081c   0x00000212   Code   RO          323    .text.HAL_GPIO_Init  stm32f1xx_hal_gpio.o
    0x08000a2e   0x08000a2e   0x00000002   PAD
    0x08000a30   0x08000a30   0x0000000c   Code   RO          223    .text.HAL_GetTick   stm32f1xx_hal.o
    0x08000a3c   0x08000a3c   0x0000001a   Code   RO          221    .text.HAL_IncTick   stm32f1xx_hal.o
    0x08000a56   0x08000a56   0x00000002   PAD
    0x08000a58   0x08000a58   0x00000026   Code   RO          211    .text.HAL_Init      stm32f1xx_hal.o
    0x08000a7e   0x08000a7e   0x00000002   PAD
    0x08000a80   0x08000a80   0x00000048   Code   RO          213    .text.HAL_InitTick  stm32f1xx_hal.o
    0x08000ac8   0x08000ac8   0x00000042   Code   RO           64    .text.HAL_MspInit   stm32f1xx_hal_msp.o
    0x08000b0a   0x08000b0a   0x00000002   PAD
    0x08000b0c   0x08000b0c   0x00000020   Code   RO          383    .text.HAL_NVIC_EnableIRQ  stm32f1xx_hal_cortex.o
    0x08000b2c   0x08000b2c   0x00000056   Code   RO          381    .text.HAL_NVIC_SetPriority  stm32f1xx_hal_cortex.o
    0x08000b82   0x08000b82   0x00000002   PAD
    0x08000b84   0x08000b84   0x00000020   Code   RO          379    .text.HAL_NVIC_SetPriorityGrouping  stm32f1xx_hal_cortex.o
    0x08000ba4   0x08000ba4   0x0000010a   Code   RO          309    .text.HAL_RCCEx_PeriphCLKConfig  stm32f1xx_hal_rcc_ex.o
    0x08000cae   0x08000cae   0x00000002   PAD
    0x08000cb0   0x08000cb0   0x000001be   Code   RO          275    .text.HAL_RCC_ClockConfig  stm32f1xx_hal_rcc.o
    0x08000e6e   0x08000e6e   0x00000002   PAD
    0x08000e70   0x08000e70   0x00000026   Code   RO          287    .text.HAL_RCC_GetPCLK1Freq  stm32f1xx_hal_rcc.o
    0x08000e96   0x08000e96   0x00000002   PAD
    0x08000e98   0x08000e98   0x00000026   Code   RO          289    .text.HAL_RCC_GetPCLK2Freq  stm32f1xx_hal_rcc.o
    0x08000ebe   0x08000ebe   0x00000002   PAD
    0x08000ec0   0x08000ec0   0x000003b4   Code   RO          273    .text.HAL_RCC_OscConfig  stm32f1xx_hal_rcc.o
    0x08001274   0x08001274   0x0000002c   Code   RO          391    .text.HAL_SYSTICK_Config  stm32f1xx_hal_cortex.o
    0x080012a0   0x080012a0   0x00000002   Code   RO          962    .text.HAL_TIMEx_BreakCallback  stm32f1xx_hal_tim_ex.o
    0x080012a2   0x080012a2   0x00000002   PAD
    0x080012a4   0x080012a4   0x00000002   Code   RO          958    .text.HAL_TIMEx_CommutCallback  stm32f1xx_hal_tim_ex.o
    0x080012a6   0x080012a6   0x00000002   PAD
    0x080012a8   0x080012a8   0x0000007a   Code   RO          952    .text.HAL_TIMEx_MasterConfigSynchronization  stm32f1xx_hal_tim_ex.o
    0x08001322   0x08001322   0x00000002   PAD
    0x08001324   0x08001324   0x000000ec   Code   RO          658    .text.HAL_TIM_Base_Init  stm32f1xx_hal_tim.o
    0x08001410   0x08001410   0x000000d6   Code   RO           74    .text.HAL_TIM_Base_MspInit  stm32f1xx_hal_msp.o
    0x080014e6   0x080014e6   0x00000002   PAD
    0x080014e8   0x080014e8   0x0000006e   Code   RO          672    .text.HAL_TIM_Base_Start_IT  stm32f1xx_hal_tim.o
    0x08001556   0x08001556   0x00000002   PAD
    0x08001558   0x08001558   0x0000003c   Code   RO          674    .text.HAL_TIM_Base_Stop_IT  stm32f1xx_hal_tim.o
    0x08001594   0x08001594   0x00000192   Code   RO          838    .text.HAL_TIM_ConfigClockSource  stm32f1xx_hal_tim.o
    0x08001726   0x08001726   0x00000002   PAD
    0x08001728   0x08001728   0x00000002   Code   RO          794    .text.HAL_TIM_IC_CaptureCallback  stm32f1xx_hal_tim.o
    0x0800172a   0x0800172a   0x00000002   PAD
    0x0800172c   0x0800172c   0x0000016a   Code   RO          808    .text.HAL_TIM_IC_ConfigChannel  stm32f1xx_hal_tim.o
    0x08001896   0x08001896   0x00000002   PAD
    0x08001898   0x08001898   0x000000ec   Code   RO          732    .text.HAL_TIM_IC_Init  stm32f1xx_hal_tim.o
    0x08001984   0x08001984   0x00000002   Code   RO          734    .text.HAL_TIM_IC_MspInit  stm32f1xx_hal_tim.o
    0x08001986   0x08001986   0x00000002   PAD
    0x08001988   0x08001988   0x00000170   Code   RO          792    .text.HAL_TIM_IRQHandler  stm32f1xx_hal_tim.o
    0x08001af8   0x08001af8   0x00000002   Code   RO          796    .text.HAL_TIM_OC_DelayElapsedCallback  stm32f1xx_hal_tim.o
    0x08001afa   0x08001afa   0x00000002   PAD
    0x08001afc   0x08001afc   0x00000002   Code   RO          798    .text.HAL_TIM_PWM_PulseFinishedCallback  stm32f1xx_hal_tim.o
    0x08001afe   0x08001afe   0x00000002   PAD
    0x08001b00   0x08001b00   0x00000002   Code   RO          800    .text.HAL_TIM_PeriodElapsedCallback  stm32f1xx_hal_tim.o
    0x08001b02   0x08001b02   0x00000002   PAD
    0x08001b04   0x08001b04   0x00000002   Code   RO          802    .text.HAL_TIM_TriggerCallback  stm32f1xx_hal_tim.o
    0x08001b06   0x08001b06   0x00000002   PAD
    0x08001b08   0x08001b08   0x00000002   Code   RO         1058    .text.HAL_UARTEx_RxEventCallback  stm32f1xx_hal_uart.o
    0x08001b0a   0x08001b0a   0x00000002   PAD
    0x08001b0c   0x08001b0c   0x00000002   Code   RO         1056    .text.HAL_UART_ErrorCallback  stm32f1xx_hal_uart.o
    0x08001b0e   0x08001b0e   0x00000002   PAD
    0x08001b10   0x08001b10   0x0000026c   Code   RO         1050    .text.HAL_UART_IRQHandler  stm32f1xx_hal_uart.o
    0x08001d7c   0x08001d7c   0x000000dc   Code   RO          976    .text.HAL_UART_Init  stm32f1xx_hal_uart.o
    0x08001e58   0x08001e58   0x000000fa   Code   RO           80    .text.HAL_UART_MspInit  stm32f1xx_hal_msp.o
    0x08001f52   0x08001f52   0x00000002   PAD
    0x08001f54   0x08001f54   0x00000056   Code   RO          996    .text.HAL_UART_Receive_IT  stm32f1xx_hal_uart.o
    0x08001faa   0x08001faa   0x00000002   PAD
    0x08001fac   0x08001fac   0x00000096   Code   RO            6    .text.HAL_UART_RxCpltCallback  main.o
    0x08002042   0x08002042   0x00000002   PAD
    0x08002044   0x08002044   0x00000044   Code   RO          994    .text.HAL_UART_Transmit_IT  stm32f1xx_hal_uart.o
    0x08002088   0x08002088   0x00000002   Code   RO         1060    .text.HAL_UART_TxCpltCallback  stm32f1xx_hal_uart.o
    0x0800208a   0x0800208a   0x00000002   PAD
    0x0800208c   0x0800208c   0x00000002   Code   RO           34    .text.HardFault_Handler  stm32f1xx_it.o
    0x0800208e   0x0800208e   0x00000002   PAD
    0x08002090   0x08002090   0x0000024a   Code   RO         1109    .text.LED_screen_update_rgb_565  led_screen.o
    0x080022da   0x080022da   0x00000002   PAD
    0x080022dc   0x080022dc   0x00000002   Code   RO           36    .text.MemManage_Handler  stm32f1xx_it.o
    0x080022de   0x080022de   0x00000002   PAD
    0x080022e0   0x080022e0   0x00000002   Code   RO           32    .text.NMI_Handler   stm32f1xx_it.o
    0x080022e2   0x080022e2   0x00000002   PAD
    0x080022e4   0x080022e4   0x00000002   Code   RO           46    .text.PendSV_Handler  stm32f1xx_it.o
    0x080022e6   0x080022e6   0x00000002   PAD
    0x080022e8   0x080022e8   0x00000002   Code   RO           42    .text.SVC_Handler   stm32f1xx_it.o
    0x080022ea   0x080022ea   0x00000002   PAD
    0x080022ec   0x080022ec   0x0000001e   Code   RO           48    .text.SysTick_Handler  stm32f1xx_it.o
    0x0800230a   0x0800230a   0x00000002   PAD
    0x0800230c   0x0800230c   0x00000002   Code   RO         1094    .text.SystemInit    system_stm32f1xx.o
    0x0800230e   0x0800230e   0x00000002   PAD
    0x08002310   0x08002310   0x0000000c   Code   RO           50    .text.TIM1_UP_IRQHandler  stm32f1xx_it.o
    0x0800231c   0x0800231c   0x00000020   Code   RO           52    .text.TIM3_IRQHandler  stm32f1xx_it.o
    0x0800233c   0x0800233c   0x000001fe   Code   RO         1194    .text.TimestampToNormalTime  digital_clock.o
    0x0800253a   0x0800253a   0x00000002   PAD
    0x0800253c   0x0800253c   0x0000000c   Code   RO         1054    .text.UART_DMAAbortOnError  stm32f1xx_hal_uart.o
    0x08002548   0x08002548   0x000000b6   Code   RO         1052    .text.UART_Receive_IT  stm32f1xx_hal_uart.o
    0x080025fe   0x080025fe   0x00000002   PAD
    0x08002600   0x08002600   0x0000000c   Code   RO           54    .text.USART1_IRQHandler  stm32f1xx_it.o
    0x0800260c   0x0800260c   0x00000002   Code   RO           40    .text.UsageFault_Handler  stm32f1xx_it.o
    0x0800260e   0x0800260e   0x00000002   PAD
    0x08002610   0x08002610   0x0000012a   Code   RO         1211    .text._draw_fireworks  fireworks.o
    0x0800273a   0x0800273a   0x00000002   PAD
    0x0800273c   0x0800273c   0x0000004a   Code   RO         1171    .text.checkSkip     utils.o
    0x08002786   0x08002786   0x00000002   PAD
    0x08002788   0x08002788   0x00000484   Code   RO         1192    .text.dck_draw_clock  digital_clock.o
    0x08002c0c   0x08002c0c   0x0000000c   Code   RO         1182    .text.dck_get_datetime  digital_clock.o
    0x08002c18   0x08002c18   0x0000000e   Code   RO         1186    .text.dck_set_lunar  digital_clock.o
    0x08002c26   0x08002c26   0x00000002   PAD
    0x08002c28   0x08002c28   0x0000000c   Code   RO         1188    .text.dck_set_temp  digital_clock.o
    0x08002c34   0x08002c34   0x00000020   Code   RO         1184    .text.dck_set_time  digital_clock.o
    0x08002c54   0x08002c54   0x000002a2   Code   RO            4    .text.execute_cmd   main.o
    0x08002ef6   0x08002ef6   0x00000002   PAD
    0x08002ef8   0x08002ef8   0x000000ae   Code   RO         1209    .text.fw_do_step    fireworks.o
    0x08002fa6   0x08002fa6   0x00000002   PAD
    0x08002fa8   0x08002fa8   0x0000000e   Code   RO         1122    .text.gl_draw_begin  simple_gl.o
    0x08002fb6   0x08002fb6   0x00000002   PAD
    0x08002fb8   0x08002fb8   0x00000028   Code   RO         1124    .text.gl_draw_end   simple_gl.o
    0x08002fe0   0x08002fe0   0x00000332   Code   RO         1134    .text.gl_draw_font  simple_gl.o
    0x08003312   0x08003312   0x00000002   PAD
    0x08003314   0x08003314   0x000004a2   Code   RO         1136    .text.gl_draw_image  simple_gl.o
    0x080037b6   0x080037b6   0x00000002   PAD
    0x080037b8   0x080037b8   0x000000fa   Code   RO         1130    .text.gl_draw_line  simple_gl.o
    0x080038b2   0x080038b2   0x00000002   PAD
    0x080038b4   0x080038b4   0x0000010a   Code   RO         1132    .text.gl_draw_rectangle  simple_gl.o
    0x080039be   0x080039be   0x00000002   PAD
    0x080039c0   0x080039c0   0x000000fe   Code   RO         1126    .text.gl_fill       simple_gl.o
    0x08003abe   0x08003abe   0x00000002   PAD
    0x08003ac0   0x08003ac0   0x0000000a   Code   RO         1120    .text.gl_getGRAM    simple_gl.o
    0x08003aca   0x08003aca   0x00000002   PAD
    0x08003acc   0x08003acc   0x000003b4   Code   RO            8    .text.main          main.o
    0x08003e80   0x08003e80   0x0000001a   Code   RO         1167    .text.millis        utils.o
    0x08003e9a   0x08003e9a   0x00000002   PAD
    0x08003e9c   0x08003e9c   0x0000001c   Code   RO         1169    .text.setCurrentTime  utils.o
    0x08003eb8   0x08003eb8   0x00000052   Code   RO            2    .text.uart_callback  main.o
    0x08003f0a   0x08003f0a   0x00000002   PAD
    0x08003f0c   0x08003f0c   0x00000008   Code   RO         1549    i.__aeabi_errno_addr  mc_w.l(errno.o)
    0x08003f14   0x08003f14   0x0000000e   Code   RO         1607    i.__scatterload_copy  mc_w.l(handlers.o)
    0x08003f22   0x08003f22   0x00000002   Code   RO         1608    i.__scatterload_null  mc_w.l(handlers.o)
    0x08003f24   0x08003f24   0x0000000e   Code   RO         1609    i.__scatterload_zeroinit  mc_w.l(handlers.o)
    0x08003f32   0x08003f32   0x00000081   Data   RO         1573    .constdata          mc_w.l(ctype_o.o)
    0x08003fb3   0x08003fb3   0x00000001   PAD
    0x08003fb4   0x08003fb4   0x00000004   Data   RO         1574    .constdata          mc_w.l(ctype_o.o)
    0x08003fb8   0x08003fb8   0x00000002   Data   RO          300    .rodata..L__const.HAL_RCC_GetSysClockFreq.aPredivFactorTable  stm32f1xx_hal_rcc.o
    0x08003fba   0x08003fba   0x00000010   Data   RO         1099    .rodata.AHBPrescTable  system_stm32f1xx.o
    0x08003fca   0x08003fca   0x00000008   Data   RO         1100    .rodata.APBPrescTable  system_stm32f1xx.o
    0x08003fd2   0x08003fd2   0x00000006   PAD
    0x08003fd8   0x08003fd8   0x00000020   Data   RO           17    .rodata.cst16       main.o
    0x08003ff8   0x08003ff8   0x00000010   Data   RO          299    .rodata.cst16       stm32f1xx_hal_rcc.o
    0x08004008   0x08004008   0x00000020   Data   RO         1606    Region$$Table       anon$$obj.o


    Execution Region RW_IRAM1 (Exec base: 0x20000000, Load base: 0x08004028, Size: 0x00004e80, Max: 0x00005000, ABSOLUTE, COMPRESSED[0x00000188])

    Exec Addr    Load Addr    Size         Type   Attr      Idx    E Section Name        Object

    0x20000000   COMPRESSED   0x00000004   Data   RW         1232    .data               mc_w.l(rand.o)
    0x20000004   COMPRESSED   0x00000004   Data   RW         1552    .data               mc_w.l(errno.o)
    0x20000008   COMPRESSED   0x00000008   Data   RW          262    .data..L_MergedGlobals  stm32f1xx_hal.o
    0x20000010   COMPRESSED   0x0000002c   Data   RW         1214    .data..L_MergedGlobals  fireworks.o
    0x2000003c   COMPRESSED   0x00000038   Data   RW         1146    .data.FONT_4X7      simple_gl.o
    0x20000074   COMPRESSED   0x00000078   Data   RW         1148    .data.FONT_8X8      simple_gl.o
    0x200000ec   COMPRESSED   0x00000004   Data   RW         1098    .data.SystemCoreClock  system_stm32f1xx.o
    0x200000f0   COMPRESSED   0x00000008   Data   RW         1147    .data.font_4x7      simple_gl.o
    0x200000f8   COMPRESSED   0x00000008   Data   RW         1149    .data.font_8x8      simple_gl.o
    0x20000100   COMPRESSED   0x00000008   Data   RW         1154    .data.gl_img_cloud  simple_gl.o
    0x20000108   COMPRESSED   0x00000008   Data   RW         1153    .data.gl_img_rain   simple_gl.o
    0x20000110   COMPRESSED   0x00000008   Data   RW         1155    .data.gl_img_snow   simple_gl.o
    0x20000118   COMPRESSED   0x00000008   Data   RW         1152    .data.gl_img_sun    simple_gl.o
    0x20000120   COMPRESSED   0x000000c4   Data   RW         1144    .data.img_cloud     simple_gl.o
    0x200001e4   COMPRESSED   0x00000168   Data   RW         1143    .data.img_rain      simple_gl.o
    0x2000034c   COMPRESSED   0x000000a2   Data   RW         1145    .data.img_snow      simple_gl.o
    0x200003ee   COMPRESSED   0x00000152   Data   RW         1142    .data.img_sun       simple_gl.o
    0x20000540        -       0x00000074   Zero   RW           23    .bss..L_MergedGlobals  main.o
    0x200005b4        -       0x00000012   Zero   RW         1200    .bss..L_MergedGlobals  digital_clock.o
    0x200005c6   COMPRESSED   0x00000002   PAD
    0x200005c8        -       0x00002000   Zero   RW         1156    .bss.GRAM           simple_gl.o
    0x200025c8        -       0x00002000   Zero   RW         1158    .bss.GRAM_TMP       simple_gl.o
    0x200045c8        -       0x00000001   Zero   RW         1157    .bss.gl_draw_flag   simple_gl.o
    0x200045c9   COMPRESSED   0x00000003   PAD
    0x200045cc        -       0x00000004   Zero   RW         1111    .bss.gram_rgb_565   led_screen.o
    0x200045d0        -       0x00000048   Zero   RW           14    .bss.htim1          main.o
    0x20004618        -       0x00000048   Zero   RW           15    .bss.htim3          main.o
    0x20004660        -       0x00000002   Zero   RW         1213    .bss.step           fireworks.o
    0x20004662   COMPRESSED   0x00000006   PAD
    0x20004668        -       0x00000008   Zero   RW           56    .bss.system_run_time  stm32f1xx_it.o
    0x20004670        -       0x00000008   Zero   RW         1173    .bss.system_time_offset  utils.o
    0x20004678        -       0x00000400   Zero   RW           16    .bss.uart_buff      main.o
    0x20004a78        -       0x00000004   Zero   RW          261    .bss.uwTick         stm32f1xx_hal.o
    0x20004a7c   COMPRESSED   0x00000004   PAD
    0x20004a80        -       0x00000400   Zero   RW           91    STACK               startup_stm32f103xb.o


==============================================================================

Image component sizes


      Code (inc. data)   RO Data    RW Data    ZI Data      Debug   Object Name

      1736         32          0          0         18       4538   digital_clock.o
       472          0          0         44          2       1868   fireworks.o
       586          0          0          0          4       3939   led_screen.o
      1854         46         32          0       1284      13706   main.o
      2838          0          0       1280      16385      11522   simple_gl.o
        36          8        236          0       1024        788   startup_stm32f103xb.o
       188          0          0          8          4       5729   stm32f1xx_hal.o
       194          0          0          0          0       8455   stm32f1xx_hal_cortex.o
       240          0          0          0          0       8370   stm32f1xx_hal_dma.o
       530         22          0          0          0       4575   stm32f1xx_hal_gpio.o
       530          0          0          0          0      10832   stm32f1xx_hal_msp.o
      1470          0         18          0          0       7629   stm32f1xx_hal_rcc.o
       266          0          0          0          0       3546   stm32f1xx_hal_rcc_ex.o
      1786          0          0          0          0      54294   stm32f1xx_hal_tim.o
       126          0          0          0          0      20400   stm32f1xx_hal_tim_ex.o
      1194          0          0          0          0      23568   stm32f1xx_hal_uart.o
       102          0          0          0          8       5602   stm32f1xx_it.o
         2          0         24          4          0       1599   system_stm32f1xx.o
       128          0          0          0          8       1322   utils.o

    ----------------------------------------------------------------------
     14392        108        348       1336      18752     192282   Object Totals
         0          0         32          0          0          0   (incl. Generated)
       114          0          6          0         15          0   (incl. Padding)

    ----------------------------------------------------------------------

      Code (inc. data)   RO Data    RW Data    ZI Data      Debug   Library Member Name

        86          0          0          0          0          0   __dczerorl2.o
        28          0          0          0          0         68   _chval.o
       158          0          0          0          0         92   _strtoul.o
        26          0          0          0          0         80   atoi.o
         8          4        133          0          0         68   ctype_o.o
         0          0          0          0          0          0   entry.o
         0          0          0          0          0          0   entry10a.o
         0          0          0          0          0          0   entry11a.o
         8          4          0          0          0          0   entry2.o
         4          0          0          0          0          0   entry5.o
         0          0          0          0          0          0   entry7b.o
         0          0          0          0          0          0   entry8b.o
         8          4          0          0          0          0   entry9a.o
         8          4          0          4          0         68   errno.o
        30          0          0          0          0          0   handlers.o
        36          8          0          0          0         68   init.o
         0          0          0          0          0          0   iusefp.o
        30          0          0          0          0         68   llshl.o
        32          0          0          0          0         68   llushr.o
        36          0          0          0          0         68   memcpya.o
        36          0          0          0          0        108   memseta.o
        36         10          0          4          0        136   rand.o
        20          0          0          0          0         68   strchr.o
       112          0          0          0          0         88   strtol.o
        98          0          0          0          0         92   uldiv.o
       222          0          0          0          0        100   ddiv.o
       186          0          0          0          0        176   depilogue.o
        50          0          0          0          0         76   dfixui.o
        34          0          0          0          0         76   dflti.o
        26          0          0          0          0         76   dfltui.o
       228          0          0          0          0         96   dmul.o

    ----------------------------------------------------------------------
      1550         34        134          8          0       1740   Library Totals
         4          0          1          0          0          0   (incl. Padding)

    ----------------------------------------------------------------------

      Code (inc. data)   RO Data    RW Data    ZI Data      Debug   Library Name

       800         34        133          8          0       1140   mc_w.l
       746          0          0          0          0        600   mf_w.l

    ----------------------------------------------------------------------
      1550         34        134          8          0       1740   Library Totals

    ----------------------------------------------------------------------

==============================================================================


      Code (inc. data)   RO Data    RW Data    ZI Data      Debug   

     15942        142        482       1344      18752     193082   Grand Totals
     15942        142        482        392      18752     193082   ELF Image Totals (compressed)
     15942        142        482        392          0          0   ROM Totals

==============================================================================

    Total RO  Size (Code + RO Data)                16424 (  16.04kB)
    Total RW  Size (RW Data + ZI Data)             20096 (  19.62kB)
    Total ROM Size (Code + RO Data + RW Data)      16816 (  16.42kB)

==============================================================================

